Archive member included because of file (symbol)

/usr/local/CrossPack-AVR-20131216/lib/gcc/avr/4.8.1/../../../../avr/lib/avr5/libprintf_flt.a(vfprintf_flt.o)
                              (vfprintf)
/usr/local/CrossPack-AVR-20131216/lib/gcc/avr/4.8.1/avr5/libgcc.a(_exit.o)
                              /usr/local/CrossPack-AVR-20131216/lib/gcc/avr/4.8.1/../../../../avr/lib/avr5/crtm32u4.o (exit)
/usr/local/CrossPack-AVR-20131216/lib/gcc/avr/4.8.1/avr5/libgcc.a(_tablejump.o)
                              TestAndMeasurement.o (__tablejump2__)
/usr/local/CrossPack-AVR-20131216/lib/gcc/avr/4.8.1/avr5/libgcc.a(_copy_data.o)
                              TestAndMeasurement.o (__do_copy_data)
/usr/local/CrossPack-AVR-20131216/lib/gcc/avr/4.8.1/avr5/libgcc.a(_clear_bss.o)
                              TestAndMeasurement.o (__do_clear_bss)
/usr/local/CrossPack-AVR-20131216/lib/gcc/avr/4.8.1/avr5/libgcc.a(_prologue.o)
                              /usr/local/CrossPack-AVR-20131216/lib/gcc/avr/4.8.1/../../../../avr/lib/avr5/libprintf_flt.a(vfprintf_flt.o) (__prologue_saves__)
/usr/local/CrossPack-AVR-20131216/lib/gcc/avr/4.8.1/avr5/libgcc.a(_epilogue.o)
                              /usr/local/CrossPack-AVR-20131216/lib/gcc/avr/4.8.1/../../../../avr/lib/avr5/libprintf_flt.a(vfprintf_flt.o) (__epilogue_restores__)
/usr/local/CrossPack-AVR-20131216/lib/gcc/avr/4.8.1/../../../../avr/lib/avr5/libm.a(cmpsf2.o)
                              TestAndMeasurement.o (__eqsf2)
/usr/local/CrossPack-AVR-20131216/lib/gcc/avr/4.8.1/../../../../avr/lib/avr5/libm.a(divsf3.o)
                              structure.o (__divsf3)
/usr/local/CrossPack-AVR-20131216/lib/gcc/avr/4.8.1/../../../../avr/lib/avr5/libm.a(divsf3x.o)
                              /usr/local/CrossPack-AVR-20131216/lib/gcc/avr/4.8.1/../../../../avr/lib/avr5/libm.a(divsf3.o) (__divsf3x)
/usr/local/CrossPack-AVR-20131216/lib/gcc/avr/4.8.1/../../../../avr/lib/avr5/libm.a(fixunssfsi.o)
                              structure.o (__fixunssfsi)
/usr/local/CrossPack-AVR-20131216/lib/gcc/avr/4.8.1/../../../../avr/lib/avr5/libm.a(floatsisf.o)
                              structure.o (__floatunsisf)
/usr/local/CrossPack-AVR-20131216/lib/gcc/avr/4.8.1/../../../../avr/lib/avr5/libm.a(fp_cmp.o)
                              /usr/local/CrossPack-AVR-20131216/lib/gcc/avr/4.8.1/../../../../avr/lib/avr5/libm.a(cmpsf2.o) (__fp_cmp)
/usr/local/CrossPack-AVR-20131216/lib/gcc/avr/4.8.1/../../../../avr/lib/avr5/libm.a(fp_inf.o)
                              /usr/local/CrossPack-AVR-20131216/lib/gcc/avr/4.8.1/../../../../avr/lib/avr5/libm.a(divsf3x.o) (__fp_inf)
/usr/local/CrossPack-AVR-20131216/lib/gcc/avr/4.8.1/../../../../avr/lib/avr5/libm.a(fp_nan.o)
                              /usr/local/CrossPack-AVR-20131216/lib/gcc/avr/4.8.1/../../../../avr/lib/avr5/libm.a(divsf3x.o) (__fp_nan)
/usr/local/CrossPack-AVR-20131216/lib/gcc/avr/4.8.1/../../../../avr/lib/avr5/libm.a(fp_pscA.o)
                              /usr/local/CrossPack-AVR-20131216/lib/gcc/avr/4.8.1/../../../../avr/lib/avr5/libm.a(divsf3x.o) (__fp_pscA)
/usr/local/CrossPack-AVR-20131216/lib/gcc/avr/4.8.1/../../../../avr/lib/avr5/libm.a(fp_pscB.o)
                              /usr/local/CrossPack-AVR-20131216/lib/gcc/avr/4.8.1/../../../../avr/lib/avr5/libm.a(divsf3x.o) (__fp_pscB)
/usr/local/CrossPack-AVR-20131216/lib/gcc/avr/4.8.1/../../../../avr/lib/avr5/libm.a(fp_round.o)
                              /usr/local/CrossPack-AVR-20131216/lib/gcc/avr/4.8.1/../../../../avr/lib/avr5/libm.a(divsf3.o) (__fp_round)
/usr/local/CrossPack-AVR-20131216/lib/gcc/avr/4.8.1/../../../../avr/lib/avr5/libm.a(fp_split3.o)
                              /usr/local/CrossPack-AVR-20131216/lib/gcc/avr/4.8.1/../../../../avr/lib/avr5/libm.a(divsf3x.o) (__fp_split3)
/usr/local/CrossPack-AVR-20131216/lib/gcc/avr/4.8.1/../../../../avr/lib/avr5/libm.a(fp_zero.o)
                              /usr/local/CrossPack-AVR-20131216/lib/gcc/avr/4.8.1/../../../../avr/lib/avr5/libm.a(fixunssfsi.o) (__fp_zero)
/usr/local/CrossPack-AVR-20131216/lib/gcc/avr/4.8.1/../../../../avr/lib/avr5/libm.a(gesf2.o)
                              structure.o (__gtsf2)
/usr/local/CrossPack-AVR-20131216/lib/gcc/avr/4.8.1/../../../../avr/lib/avr5/libm.a(mulsf3.o)
                              structure.o (__mulsf3)
/usr/local/CrossPack-AVR-20131216/lib/gcc/avr/4.8.1/../../../../avr/lib/avr5/libm.a(mulsf3x.o)
                              /usr/local/CrossPack-AVR-20131216/lib/gcc/avr/4.8.1/../../../../avr/lib/avr5/libm.a(mulsf3.o) (__mulsf3x)
/usr/local/CrossPack-AVR-20131216/lib/gcc/avr/4.8.1/../../../../avr/lib/avr5/libc.a(malloc.o)
                              structure.o (malloc)
/usr/local/CrossPack-AVR-20131216/lib/gcc/avr/4.8.1/../../../../avr/lib/avr5/libc.a(atof.o)
                              TestAndMeasurement.o (atof)
/usr/local/CrossPack-AVR-20131216/lib/gcc/avr/4.8.1/../../../../avr/lib/avr5/libc.a(ftoa_engine.o)
[...]
Memory Configuration

Name             Origin             Length             Attributes
text             0x00000000         0x00020000         xr
data             0x00800060         0x0000ffa0         rw !x
eeprom           0x00810000         0x00010000         rw !x
fuse             0x00820000         0x00000400         rw !x
lock             0x00830000         0x00000400         rw !x
signature        0x00840000         0x00000400         rw !x
user_signatures  0x00850000         0x00000400         rw !x
*default*        0x00000000         0xffffffff

Linker script and memory map

Address of section .data set to 0x800100
LOAD /usr/local/CrossPack-AVR-20131216/lib/gcc/avr/4.8.1/../../../../avr/lib/avr5/crtm32u4.o
LOAD /usr/local/CrossPack-AVR-20131216/lib/gcc/avr/4.8.1/../../../../avr/lib/avr5/libm.a
LOAD /usr/local/CrossPack-AVR-20131216/lib/gcc/avr/4.8.1/../../../../avr/lib/avr5/libprintf_flt.a
LOAD /usr/local/CrossPack-AVR-20131216/lib/gcc/avr/4.8.1/../../../../avr/lib/avr5/libm.a
LOAD TestAndMeasurement.o
LOAD Descriptors.o
LOAD structure.o
LOAD command.o
LOAD adcLib.o
LOAD spi_con.o
LOAD sampling.o
LOAD ../../../../LUFA/Drivers/USB/Core/AVR8/Device_AVR8.o
LOAD ../../../../LUFA/Drivers/USB/Core/AVR8/Endpoint_AVR8.o
LOAD ../../../../LUFA/Drivers/USB/Core/AVR8/Host_AVR8.o
LOAD ../../../../LUFA/Drivers/USB/Core/AVR8/Pipe_AVR8.o
LOAD ../../../../LUFA/Drivers/USB/Core/AVR8/USBController_AVR8.o
LOAD ../../../../LUFA/Drivers/USB/Core/AVR8/USBInterrupt_AVR8.o
LOAD ../../../../LUFA/Drivers/USB/Core/AVR8/EndpointStream_AVR8.o
LOAD ../../../../LUFA/Drivers/USB/Core/AVR8/PipeStream_AVR8.o
LOAD ../../../../LUFA/Drivers/USB/Core/ConfigDescriptors.o
LOAD ../../../../LUFA/Drivers/USB/Core/DeviceStandardReq.o
LOAD ../../../../LUFA/Drivers/USB/Core/Events.o
LOAD ../../../../LUFA/Drivers/USB/Core/HostStandardReq.o
LOAD ../../../../LUFA/Drivers/USB/Core/USBTask.o
LOAD ../../../../LUFA/Drivers/USB/Class/Common/HIDParser.o
LOAD ../../../../LUFA/Drivers/USB/Class/Device/AudioClassDevice.o
LOAD ../../../../LUFA/Drivers/USB/Class/Device/CDCClassDevice.o
LOAD ../../../../LUFA/Drivers/USB/Class/Device/HIDClassDevice.o
LOAD ../../../../LUFA/Drivers/USB/Class/Device/MassStorageClassDevice.o
LOAD ../../../../LUFA/Drivers/USB/Class/Device/MIDIClassDevice.o
LOAD ../../../../LUFA/Drivers/USB/Class/Device/RNDISClassDevice.o
LOAD ../../../../LUFA/Drivers/USB/Class/Host/AndroidAccessoryClassHost.o
LOAD ../../../../LUFA/Drivers/USB/Class/Host/AudioClassHost.o
LOAD ../../../../LUFA/Drivers/USB/Class/Host/CDCClassHost.o
LOAD ../../../../LUFA/Drivers/USB/Class/Host/HIDClassHost.o
LOAD ../../../../LUFA/Drivers/USB/Class/Host/MassStorageClassHost.o
LOAD ../../../../LUFA/Drivers/USB/Class/Host/MIDIClassHost.o
LOAD ../../../../LUFA/Drivers/USB/Class/Host/PrinterClassHost.o
LOAD ../../../../LUFA/Drivers/USB/Class/Host/RNDISClassHost.o
LOAD ../../../../LUFA/Drivers/USB/Class/Host/StillImageClassHost.o
START GROUP
LOAD /usr/local/CrossPack-AVR-20131216/lib/gcc/avr/4.8.1/avr5/libgcc.a
LOAD /usr/local/CrossPack-AVR-20131216/lib/gcc/avr/4.8.1/../../../../avr/lib/avr5/libm.a
LOAD /usr/local/CrossPack-AVR-20131216/lib/gcc/avr/4.8.1/../../../../avr/lib/avr5/libc.a
END GROUP

.hash
 *(.hash)

.dynsym
 *(.dynsym)

.dynstr
 *(.dynstr)

.gnu.version
 *(.gnu.version)

.gnu.version_d
 *(.gnu.version_d)

.gnu.version_r
 *(.gnu.version_r)

.rel.init
 *(.rel.init)

.rela.init
 *(.rela.init)

.rel.text
 *(.rel.text)
 *(.rel.text.*)
 *(.rel.gnu.linkonce.t*)

.rela.text
 *(.rela.text)
 *(.rela.text.*)
 *(.rela.gnu.linkonce.t*)

.rel.fini
 *(.rel.fini)

.rela.fini
 *(.rela.fini)

.rel.rodata
 *(.rel.rodata)
 *(.rel.rodata.*)
 *(.rel.gnu.linkonce.r*)

.rela.rodata
 *(.rela.rodata)
 *(.rela.rodata.*)
 *(.rela.gnu.linkonce.r*)

.rel.data
 *(.rel.data)
 *(.rel.data.*)
 *(.rel.gnu.linkonce.d*)

.rela.data
 *(.rela.data)
 *(.rela.data.*)
 *(.rela.gnu.linkonce.d*)

.rel.ctors
 *(.rel.ctors)

.rela.ctors
 *(.rela.ctors)

.rel.dtors
 *(.rel.dtors)

.rela.dtors
 *(.rela.dtors)

.rel.got
 *(.rel.got)

.rela.got
 *(.rela.got)

.rel.bss
 *(.rel.bss)

.rela.bss
 *(.rela.bss)

.rel.plt
 *(.rel.plt)

.rela.plt
 *(.rela.plt)

.text           0x00000000     0x3074
 *(.vectors)
 .vectors       0x00000000       0xac /usr/local/CrossPack-AVR-20131216/lib/gcc/avr/4.8.1/../../../../avr/lib/avr5/crtm32u4.o
                0x00000000                __vectors
                0x00000000                __vector_default
 *(.vectors)
 *(.progmem.gcc*)
 .progmem.gcc_sw_table.EVENT_USB_Device_ControlRequest
                0x000000ac        0xe TestAndMeasurement.o
 .progmem.gcc_sw_table.ProcessSentMessage
                0x000000ba        0xe TestAndMeasurement.o
 .progmem.gcc_sw_table.USB_Device_ProcessControlRequest
                0x000000c8       0x14 ../../../../LUFA/Drivers/USB/Core/DeviceStandardReq.o
                0x000000dc                . = ALIGN (0x2)
                0x000000dc                __trampolines_start = .
 *(.trampolines)
 .trampolines   0x000000dc        0x0 linker stubs
 *(.trampolines*)
                0x000000dc                __trampolines_end = .
 *(.progmem*)
 .progmem.data  0x000000dc        0x8 /usr/local/CrossPack-AVR-20131216/lib/gcc/avr/4.8.1/../../../../avr/lib/avr5/libprintf_flt.a(vfprintf_flt.o)
 .progmem.data  0x000000e4       0x67 Descriptors.o
                0x000000e4                ProductString
                0x000000fc                ManufacturerString
                0x0000010e                LanguageString
                0x00000112                ConfigurationDescriptor
                0x00000139                DeviceDescriptor
 .progmem.data  0x0000014b       0xfa /usr/local/CrossPack-AVR-20131216/lib/gcc/avr/4.8.1/../../../../avr/lib/avr5/libc.a(ftoa_engine.o)
 .progmem.data  0x00000245       0x3b /usr/local/CrossPack-AVR-20131216/lib/gcc/avr/4.8.1/../../../../avr/lib/avr5/libc.a(strtod.o)
                0x00000280                . = ALIGN (0x2)
 *(.jumptables)
 *(.jumptables*)
 *(.lowtext)
 *(.lowtext*)
                0x00000280                __ctors_start = .
 *(.ctors)
                0x00000280                __ctors_end = .
                0x00000280                __dtors_start = .
 *(.dtors)
                0x00000280                __dtors_end = .
 SORT(*)(.ctors)
 SORT(*)(.dtors)
 *(.init0)
 .init0         0x00000280        0x0 /usr/local/CrossPack-AVR-20131216/lib/gcc/avr/4.8.1/../../../../avr/lib/avr5/crtm32u4.o
                0x00000280                __init
 *(.init0)
 *(.init1)
 *(.init1)
 *(.init2)
 .init2         0x00000280        0xc /usr/local/CrossPack-AVR-20131216/lib/gcc/avr/4.8.1/../../../../avr/lib/avr5/crtm32u4.o
 *(.init2)
 *(.init3)
 *(.init3)
 *(.init4)
 .init4         0x0000028c       0x16 /usr/local/CrossPack-AVR-20131216/lib/gcc/avr/4.8.1/avr5/libgcc.a(_copy_data.o)
                0x0000028c                __do_copy_data
 .init4         0x000002a2       0x10 /usr/local/CrossPack-AVR-20131216/lib/gcc/avr/4.8.1/avr5/libgcc.a(_clear_bss.o)
                0x000002a2                __do_clear_bss
 *(.init4)
 *(.init5)
 *(.init5)
 *(.init6)
 *(.init6)
 *(.init7)
 *(.init7)
 *(.init8)
 *(.init8)
 *(.init9)
 .init9         0x000002b2        0x6 /usr/local/CrossPack-AVR-20131216/lib/gcc/avr/4.8.1/../../../../avr/lib/avr5/crtm32u4.o
 *(.init9)
 *(.text)
 .text          0x000002b8        0x2 /usr/local/CrossPack-AVR-20131216/lib/gcc/avr/4.8.1/../../../../avr/lib/avr5/crtm32u4.o
                0x000002b8                __vector_42
                0x000002b8                __vector_22
                0x000002b8                __vector_28
                0x000002b8                __vector_1
                0x000002b8                __vector_32
                0x000002b8                __vector_34
                0x000002b8                __vector_24
                0x000002b8                __vector_12
                0x000002b8                __bad_interrupt
                0x000002b8                __vector_6
                0x000002b8                __vector_31
                0x000002b8                __vector_35
                0x000002b8                __vector_39
                0x000002b8                __vector_3
                0x000002b8                __vector_23
                0x000002b8                __vector_30
                0x000002b8                __vector_25
                0x000002b8                __vector_13
                0x000002b8                __vector_19
                0x000002b8                __vector_7
                0x000002b8                __vector_41
                0x000002b8                __vector_27
                0x000002b8                __vector_5
                0x000002b8                __vector_33
                0x000002b8                __vector_37
                0x000002b8                __vector_4
                0x000002b8                __vector_2
                0x000002b8                __vector_21
                0x000002b8                __vector_15
                0x000002b8                __vector_36
                0x000002b8                __vector_29
                0x000002b8                __vector_40
                0x000002b8                __vector_8
                0x000002b8                __vector_26
                0x000002b8                __vector_14
                0x000002b8                __vector_16
                0x000002b8                __vector_18
                0x000002b8                __vector_20
                0x000002b8                __vector_38
                0x000002ba                . = ALIGN (0x2)
 *(.text.*)
 .text.avr-libc
                0x000002ba      0x6f6 /usr/local/CrossPack-AVR-20131216/lib/gcc/avr/4.8.1/../../../../avr/lib/avr5/libprintf_flt.a(vfprintf_flt.o)
                0x000002ba                vfprintf
 .text.SetupHardware
                0x000009b0       0x2c TestAndMeasurement.o
                0x000009b0                SetupHardware
 .text.EVENT_USB_Device_Connect
                0x000009dc        0x2 TestAndMeasurement.o
                0x000009dc                EVENT_USB_Device_Connect
 .text.EVENT_USB_Device_Disconnect
                0x000009de        0x2 TestAndMeasurement.o
                0x000009de                EVENT_USB_Device_Disconnect
 .text.EVENT_USB_Device_ConfigurationChanged
                0x000009e0       0x1e TestAndMeasurement.o
                0x000009e0                EVENT_USB_Device_ConfigurationChanged
 .text.EVENT_USB_Device_ControlRequest
                0x000009fe      0x1c0 TestAndMeasurement.o
                0x000009fe                EVENT_USB_Device_ControlRequest
 .text.ProcessSentMessage
                0x00000bbe      0x34e TestAndMeasurement.o
                0x00000bbe                ProcessSentMessage
 .text.GetNextMessage
                0x00000f0c       0x4e TestAndMeasurement.o
                0x00000f0c                GetNextMessage
 .text.ReadTMCHeader
                0x00000f5a       0x68 TestAndMeasurement.o
                0x00000f5a                ReadTMCHeader
 .text.WriteTMCHeader
                0x00000fc2       0x60 TestAndMeasurement.o
                0x00000fc2                WriteTMCHeader
 .text.TMC_Task
                0x00001022      0x150 TestAndMeasurement.o
                0x00001022                TMC_Task
 .text.startup.main
                0x00001172        0xe TestAndMeasurement.o
                0x00001172                main
 .text.CALLBACK_USB_GetDescriptor
                0x00001180       0x64 Descriptors.o
                0x00001180                CALLBACK_USB_GetDescriptor
 .text.add      0x000011e4       0xac structure.o
                0x000011e4                add
 .text.rm       0x00001290       0x2c structure.o
                0x00001290                rm
 .text.dec      0x000012bc       0x2c structure.o
                0x000012bc                dec
 .text.findSet  0x000012e8       0x20 structure.o
                0x000012e8                findSet
 .text.qryDSet  0x00001308       0x6c structure.o
                0x00001308                qryDSet
 .text.determinePrescale
                0x00001374       0x74 structure.o
                0x00001374                determinePrescale
 .text.determineCounter
                0x000013e8       0x6c structure.o
                0x000013e8                determineCounter
 .text.mystrcmp
                0x00001454       0x3c command.o
                0x00001454                mystrcmp
 .text.crc8     0x00001490       0x20 command.o
                0x00001490                crc8
 .text.isWhiteSpace
                0x000014b0       0x16 command.o
                0x000014b0                isWhiteSpace
 .text.isNumeric
                0x000014c6       0x42 command.o
                0x000014c6                isNumeric
 .text.myatoi   0x00001508       0x7a command.o
                0x00001508                myatoi
 .text.toUpper  0x00001582       0x20 command.o
                0x00001582                toUpper
 .text.findCommand
                0x000015a2       0x7e command.o
                0x000015a2                findCommand
 .text.readADC1
                0x00001620       0x46 adcLib.o
                0x00001620                readADC1
 .text.readReg  0x00001666        0xc adcLib.o
                0x00001666                readReg
 .text.writeReg
                0x00001672       0x2c adcLib.o
                0x00001672                writeReg
 .text.changeChannel
                0x0000169e       0x16 adcLib.o
                0x0000169e                changeChannel
 .text.changeSampleRate
                0x000016b4        0xe adcLib.o
                0x000016b4                changeSampleRate
 .text.determineADCRate
                0x000016c2      0x154 adcLib.o
                0x000016c2                determineADCRate
 .text.SPI_txrx
                0x00001816       0x10 spi_con.o
                0x00001816                SPI_txrx
 .text.findNext
                0x00001826       0x56 sampling.o
                0x00001826                findNext
 .text.stop     0x0000187c       0x14 sampling.o
                0x0000187c                stop
 .text.interruptEnableDisable
                0x00001890       0x4a sampling.o
                0x00001890                interruptEnableDisable
 .text.setRate  0x000018da       0x58 sampling.o
                0x000018da                setRate
 .text.nextChannel
                0x00001932       0x7e sampling.o
                0x00001932                nextChannel
 .text.start    0x000019b0       0x22 sampling.o
                0x000019b0                start
 .text.__vector_17
                0x000019d2       0x22 sampling.o
                0x000019d2                __vector_17
 .text.__vector_9
                0x000019f4       0x52 sampling.o
                0x000019f4                __vector_9
 .text.readData
                0x00001a46       0x62 sampling.o
                0x00001a46                readData
 .text.Endpoint_ConfigureEndpoint_Prv
                0x00001aa8       0x6a ../../../../LUFA/Drivers/USB/Core/AVR8/Endpoint_AVR8.o
                0x00001aa8                Endpoint_ConfigureEndpoint_Prv
 .text.Endpoint_ClearStatusStage
                0x00001b12       0x42 ../../../../LUFA/Drivers/USB/Core/AVR8/Endpoint_AVR8.o
                0x00001b12                Endpoint_ClearStatusStage
 .text.Endpoint_WaitUntilReady
                0x00001b54       0x60 ../../../../LUFA/Drivers/USB/Core/AVR8/Endpoint_AVR8.o
                0x00001b54                Endpoint_WaitUntilReady
 .text.USB_ResetInterface
                0x00001bb4       0x80 ../../../../LUFA/Drivers/USB/Core/AVR8/USBController_AVR8.o
                0x00001bb4                USB_ResetInterface
 .text.USB_Init
                0x00001c34       0x16 ../../../../LUFA/Drivers/USB/Core/AVR8/USBController_AVR8.o
                0x00001c34                USB_Init
 .text.USB_INT_DisableAllInterrupts
                0x00001c4a       0x10 ../../../../LUFA/Drivers/USB/Core/AVR8/USBInterrupt_AVR8.o
                0x00001c4a                USB_INT_DisableAllInterrupts
 .text.USB_INT_ClearAllInterrupts
                0x00001c5a        0xa ../../../../LUFA/Drivers/USB/Core/AVR8/USBInterrupt_AVR8.o
                0x00001c5a                USB_INT_ClearAllInterrupts
 .text.__vector_10
                0x00001c64      0x196 ../../../../LUFA/Drivers/USB/Core/AVR8/USBInterrupt_AVR8.o
                0x00001c64                __vector_10
 .text.__vector_11
                0x00001dfa       0x76 ../../../../LUFA/Drivers/USB/Core/AVR8/USBInterrupt_AVR8.o
                0x00001dfa                __vector_11
 .text.Endpoint_Write_Stream_LE
                0x00001e70       0x8e ../../../../LUFA/Drivers/USB/Core/AVR8/EndpointStream_AVR8.o
                0x00001e70                Endpoint_Write_Stream_LE
 .text.Endpoint_Read_Stream_LE
                0x00001efe       0x8e ../../../../LUFA/Drivers/USB/Core/AVR8/EndpointStream_AVR8.o
                0x00001efe                Endpoint_Read_Stream_LE
 .text.Endpoint_Write_Control_Stream_LE
                0x00001f8c       0xb6 ../../../../LUFA/Drivers/USB/Core/AVR8/EndpointStream_AVR8.o
                0x00001f8c                Endpoint_Write_Control_Stream_LE
 .text.Endpoint_Write_Control_PStream_LE
                0x00002042       0xbc ../../../../LUFA/Drivers/USB/Core/AVR8/EndpointStream_AVR8.o
                0x00002042                Endpoint_Write_Control_PStream_LE
 .text.USB_Device_ProcessControlRequest
                0x000020fe      0x296 ../../../../LUFA/Drivers/USB/Core/DeviceStandardReq.o
                0x000020fe                USB_Device_ProcessControlRequest
 .text.USB_Event_Stub
                0x00002394        0x2 ../../../../LUFA/Drivers/USB/Core/Events.o
                0x00002394                EVENT_USB_Device_WakeUp
                0x00002394                USB_Event_Stub
                0x00002394                EVENT_USB_Device_Suspend
                0x00002394                EVENT_USB_Device_StartOfFrame
                0x00002394                EVENT_USB_Device_Reset
 .text.USB_USBTask
                0x00002396       0x38 ../../../../LUFA/Drivers/USB/Core/USBTask.o
                0x00002396                USB_USBTask
 .text.libgcc   0x000023ce        0xc /usr/local/CrossPack-AVR-20131216/lib/gcc/avr/4.8.1/avr5/libgcc.a(_tablejump.o)
                0x000023ce                __tablejump2__
                0x000023d2                __tablejump__
 .text.libgcc.prologue
                0x000023da       0x38 /usr/local/CrossPack-AVR-20131216/lib/gcc/avr/4.8.1/avr5/libgcc.a(_prologue.o)
                0x000023da                __prologue_saves__
 .text.libgcc.prologue
                0x00002412       0x36 /usr/local/CrossPack-AVR-20131216/lib/gcc/avr/4.8.1/avr5/libgcc.a(_epilogue.o)
                0x00002412                __epilogue_restores__
 .text.avr-libc.fplib
                0x00002448        0x8 /usr/local/CrossPack-AVR-20131216/lib/gcc/avr/4.8.1/../../../../avr/lib/avr5/libm.a(cmpsf2.o)
                0x00002448                __lesf2
                0x00002448                __nesf2
                0x00002448                __eqsf2
                0x00002448                __cmpsf2
                0x00002448                __ltsf2
 .text.avr-libc.fplib
                0x00002450        0x4 /usr/local/CrossPack-AVR-20131216/lib/gcc/avr/4.8.1/../../../../avr/lib/avr5/libm.a(divsf3.o)
                0x00002450                __divsf3
 .text.avr-libc.fplib
                0x00002454       0xcc /usr/local/CrossPack-AVR-20131216/lib/gcc/avr/4.8.1/../../../../avr/lib/avr5/libm.a(divsf3x.o)
                0x0000246a                __divsf3x
                0x0000246e                __divsf3_pse
 .text.avr-libc.fplib
                0x00002520       0x58 /usr/local/CrossPack-AVR-20131216/lib/gcc/avr/4.8.1/../../../../avr/lib/avr5/libm.a(fixunssfsi.o)
                0x00002520                __fixunssfsi
 .text.avr-libc.fplib
                0x00002578       0x7a /usr/local/CrossPack-AVR-20131216/lib/gcc/avr/4.8.1/../../../../avr/lib/avr5/libm.a(floatsisf.o)
                0x00002578                __floatunsisf
                0x0000257c                __floatsisf
 .text.avr-libc.fplib
                0x000025f2       0x48 /usr/local/CrossPack-AVR-20131216/lib/gcc/avr/4.8.1/../../../../avr/lib/avr5/libm.a(fp_cmp.o)
                0x000025f2                __fp_cmp
 .text.avr-libc.fplib
                0x0000263a        0xc /usr/local/CrossPack-AVR-20131216/lib/gcc/avr/4.8.1/../../../../avr/lib/avr5/libm.a(fp_inf.o)
                0x0000263a                __fp_inf
 .text.avr-libc.fplib
                0x00002646        0x6 /usr/local/CrossPack-AVR-20131216/lib/gcc/avr/4.8.1/../../../../avr/lib/avr5/libm.a(fp_nan.o)
                0x00002646                __fp_nan
 .text.avr-libc.fplib
                0x0000264c        0xe /usr/local/CrossPack-AVR-20131216/lib/gcc/avr/4.8.1/../../../../avr/lib/avr5/libm.a(fp_pscA.o)
                0x0000264c                __fp_pscA
 .text.avr-libc.fplib
                0x0000265a        0xe /usr/local/CrossPack-AVR-20131216/lib/gcc/avr/4.8.1/../../../../avr/lib/avr5/libm.a(fp_pscB.o)
                0x0000265a                __fp_pscB
 .text.avr-libc.fplib
                0x00002668       0x22 /usr/local/CrossPack-AVR-20131216/lib/gcc/avr/4.8.1/../../../../avr/lib/avr5/libm.a(fp_round.o)
                0x00002668                __fp_round
 .text.avr-libc.fplib
                0x0000268a       0x44 /usr/local/CrossPack-AVR-20131216/lib/gcc/avr/4.8.1/../../../../avr/lib/avr5/libm.a(fp_split3.o)
                0x0000268a                __fp_split3
                0x0000269a                __fp_splitA
 .text.avr-libc.fplib
                0x000026ce        0xe /usr/local/CrossPack-AVR-20131216/lib/gcc/avr/4.8.1/../../../../avr/lib/avr5/libm.a(fp_zero.o)
                0x000026ce                __fp_zero
                0x000026d0                __fp_szero
 .text.avr-libc.fplib
                0x000026dc        0x8 /usr/local/CrossPack-AVR-20131216/lib/gcc/avr/4.8.1/../../../../avr/lib/avr5/libm.a(gesf2.o)
                0x000026dc                __gtsf2
                0x000026dc                __gesf2
 .text.avr-libc.fplib
                0x000026e4        0x4 /usr/local/CrossPack-AVR-20131216/lib/gcc/avr/4.8.1/../../../../avr/lib/avr5/libm.a(mulsf3.o)
                0x000026e4                __mulsf3
 .text.avr-libc.fplib
                0x000026e8       0xc2 /usr/local/CrossPack-AVR-20131216/lib/gcc/avr/4.8.1/../../../../avr/lib/avr5/libm.a(mulsf3x.o)
                0x000026fc                __mulsf3x
                0x00002700                __mulsf3_pse
 .text.avr-libc
                0x000027aa      0x24e /usr/local/CrossPack-AVR-20131216/lib/gcc/avr/4.8.1/../../../../avr/lib/avr5/libc.a(malloc.o)
                0x000027aa                malloc
                0x000028da                free
 .text.avr-libc
                0x000029f8        0x6 /usr/local/CrossPack-AVR-20131216/lib/gcc/avr/4.8.1/../../../../avr/lib/avr5/libc.a(atof.o)
                0x000029f8                atof
 .text.avr-libc
                0x000029fe      0x1b0 /usr/local/CrossPack-AVR-20131216/lib/gcc/avr/4.8.1/../../../../avr/lib/avr5/libc.a(ftoa_engine.o)
                0x000029fe                __ftoa_engine
 .text.avr-libc
                0x00002bae       0x16 /usr/local/CrossPack-AVR-20131216/lib/gcc/avr/4.8.1/../../../../avr/lib/avr5/libc.a(strnlen_P.o)
                0x00002bae                strnlen_P
 .text.avr-libc
                0x00002bc4        0xe /usr/local/CrossPack-AVR-20131216/lib/gcc/avr/4.8.1/../../../../avr/lib/avr5/libc.a(strcpy.o)
                0x00002bc4                strcpy
 .text.avr-libc
                0x00002bd2       0x16 /usr/local/CrossPack-AVR-20131216/lib/gcc/avr/4.8.1/../../../../avr/lib/avr5/libc.a(strnlen.o)
                0x00002bd2                strnlen
 .text.avr-libc
                0x00002be8       0x64 /usr/local/CrossPack-AVR-20131216/lib/gcc/avr/4.8.1/../../../../avr/lib/avr5/libc.a(fputc.o)
                0x00002be8                fputc
 .text.avr-libc
                0x00002c4c       0x40 /usr/local/CrossPack-AVR-20131216/lib/gcc/avr/4.8.1/../../../../avr/lib/avr5/libc.a(sprintf.o)
                0x00002c4c                sprintf
 .text.avr-libc
                0x00002c8c       0xbc /usr/local/CrossPack-AVR-20131216/lib/gcc/avr/4.8.1/../../../../avr/lib/avr5/libc.a(ultoa_invert.o)
                0x00002c8c                __ultoa_invert
 .text.avr-libc
                0x00002d48      0x2b0 /usr/local/CrossPack-AVR-20131216/lib/gcc/avr/4.8.1/../../../../avr/lib/avr5/libc.a(strtod.o)
                0x00002d48                strtod
 .text.avr-libc
                0x00002ff8       0x10 /usr/local/CrossPack-AVR-20131216/lib/gcc/avr/4.8.1/../../../../avr/lib/avr5/libc.a(isspace.o)
                0x00002ff8                isspace
 .text.avr-libc
                0x00003008       0x30 /usr/local/CrossPack-AVR-20131216/lib/gcc/avr/4.8.1/../../../../avr/lib/avr5/libc.a(strncasecmp_P.o)
                0x00003008                strncasecmp_P
 .text.avr-libc
                0x00003038        0x6 /usr/local/CrossPack-AVR-20131216/lib/gcc/avr/4.8.1/../../../../avr/lib/avr5/libc.a(cty_isfalse.o)
                0x00003038                __ctype_isfalse
                0x0000303c                __ctype_istrue
 .text.libgcc.mul
                0x0000303e       0x14 /usr/local/CrossPack-AVR-20131216/lib/gcc/avr/4.8.1/avr5/libgcc.a(_muluhisi3.o)
                0x0000303e                __muluhisi3
 .text.libgcc.mul
                0x00003052       0x1e /usr/local/CrossPack-AVR-20131216/lib/gcc/avr/4.8.1/avr5/libgcc.a(_umulhisi3.o)
                0x00003052                __umulhisi3
                0x00003070                . = ALIGN (0x2)
 *(.fini9)
 .fini9         0x00003070        0x0 /usr/local/CrossPack-AVR-20131216/lib/gcc/avr/4.8.1/avr5/libgcc.a(_exit.o)
                0x00003070                exit
                0x00003070                _exit
 *(.fini9)
 *(.fini8)
 *(.fini8)
 *(.fini7)
 *(.fini7)
 *(.fini6)
 *(.fini6)
 *(.fini5)
 *(.fini5)
 *(.fini4)
 *(.fini4)
 *(.fini3)
 *(.fini3)
 *(.fini2)
 *(.fini2)
 *(.fini1)
 *(.fini1)
 *(.fini0)
 .fini0         0x00003070        0x4 /usr/local/CrossPack-AVR-20131216/lib/gcc/avr/4.8.1/avr5/libgcc.a(_exit.o)
 *(.fini0)
                0x00003074                _etext = .

.data           0x00800100      0x24e load address 0x00003074
                0x00800100                PROVIDE (__data_start, .)
 *(.data)
 .data          0x00800100        0x0 /usr/local/CrossPack-AVR-20131216/lib/gcc/avr/4.8.1/../../../../avr/lib/avr5/crtm32u4.o
 .data          0x00800100        0x0 /usr/local/CrossPack-AVR-20131216/lib/gcc/avr/4.8.1/../../../../avr/lib/avr5/libprintf_flt.a(vfprintf_flt.o)
 .data          0x00800100       0x18 TestAndMeasurement.o
                0x00800100                Capabilities
 .data          0x00800118        0x0 Descriptors.o
 .data          0x00800118        0x0 structure.o
 .data          0x00800118        0x0 command.o
 .data          0x00800118        0x0 adcLib.o
 .data          0x00800118        0x0 spi_con.o
 .data          0x00800118        0x1 sampling.o
                0x00800118                ss
 .data          0x00800119        0x0 ../../../../LUFA/Drivers/USB/Core/AVR8/Device_AVR8.o
 .data          0x00800119        0x0 ../../../../LUFA/Drivers/USB/Core/AVR8/Endpoint_AVR8.o
 .data          0x00800119        0x0 ../../../../LUFA/Drivers/USB/Core/AVR8/Host_AVR8.o
 .data          0x00800119        0x0 ../../../../LUFA/Drivers/USB/Core/AVR8/Pipe_AVR8.o
 .data          0x00800119        0x0 ../../../../LUFA/Drivers/USB/Core/AVR8/USBController_AVR8.o
 .data          0x00800119        0x0 ../../../../LUFA/Drivers/USB/Core/AVR8/USBInterrupt_AVR8.o
 .data          0x00800119        0x0 ../../../../LUFA/Drivers/USB/Core/AVR8/EndpointStream_AVR8.o
 .data          0x00800119        0x0 ../../../../LUFA/Drivers/USB/Core/AVR8/PipeStream_AVR8.o
 .data          0x00800119        0x0 ../../../../LUFA/Drivers/USB/Core/ConfigDescriptors.o
 .data          0x00800119        0x0 ../../../../LUFA/Drivers/USB/Core/DeviceStandardReq.o
 .data          0x00800119        0x0 ../../../../LUFA/Drivers/USB/Core/Events.o
 .data          0x00800119        0x0 ../../../../LUFA/Drivers/USB/Core/HostStandardReq.o
 .data          0x00800119        0x0 ../../../../LUFA/Drivers/USB/Core/USBTask.o
 .data          0x00800119        0x0 ../../../../LUFA/Drivers/USB/Class/Common/HIDParser.o
 .data          0x00800119        0x0 ../../../../LUFA/Drivers/USB/Class/Device/AudioClassDevice.o
 .data          0x00800119        0x0 ../../../../LUFA/Drivers/USB/Class/Device/CDCClassDevice.o
 .data          0x00800119        0x0 ../../../../LUFA/Drivers/USB/Class/Device/HIDClassDevice.o
 .data          0x00800119        0x0 ../../../../LUFA/Drivers/USB/Class/Device/MassStorageClassDevice.o
 .data          0x00800119        0x0 ../../../../LUFA/Drivers/USB/Class/Device/MIDIClassDevice.o
 .data          0x00800119        0x0 ../../../../LUFA/Drivers/USB/Class/Device/RNDISClassDevice.o
 .data          0x00800119        0x0 ../../../../LUFA/Drivers/USB/Class/Host/AndroidAccessoryClassHost.o
 .data          0x00800119        0x0 ../../../../LUFA/Drivers/USB/Class/Host/AudioClassHost.o
 .data          0x00800119        0x0 ../../../../LUFA/Drivers/USB/Class/Host/CDCClassHost.o
 .data          0x00800119        0x0 ../../../../LUFA/Drivers/USB/Class/Host/HIDClassHost.o
 .data          0x00800119        0x0 ../../../../LUFA/Drivers/USB/Class/Host/MassStorageClassHost.o
 .data          0x00800119        0x0 ../../../../LUFA/Drivers/USB/Class/Host/MIDIClassHost.o
 .data          0x00800119        0x0 ../../../../LUFA/Drivers/USB/Class/Host/PrinterClassHost.o
 .data          0x00800119        0x0 ../../../../LUFA/Drivers/USB/Class/Host/RNDISClassHost.o
 .data          0x00800119        0x0 ../../../../LUFA/Drivers/USB/Class/Host/StillImageClassHost.o
 .data          0x00800119        0x0 /usr/local/CrossPack-AVR-20131216/lib/gcc/avr/4.8.1/avr5/libgcc.a(_exit.o)
 .data          0x00800119        0x0 /usr/local/CrossPack-AVR-20131216/lib/gcc/avr/4.8.1/avr5/libgcc.a(_tablejump.o)
 .data          0x00800119        0x0 /usr/local/CrossPack-AVR-20131216/lib/gcc/avr/4.8.1/avr5/libgcc.a(_copy_data.o)
 .data          0x00800119        0x0 /usr/local/CrossPack-AVR-20131216/lib/gcc/avr/4.8.1/avr5/libgcc.a(_clear_bss.o)
 .data          0x00800119        0x0 /usr/local/CrossPack-AVR-20131216/lib/gcc/avr/4.8.1/avr5/libgcc.a(_prologue.o)
 .data          0x00800119        0x0 /usr/local/CrossPack-AVR-20131216/lib/gcc/avr/4.8.1/avr5/libgcc.a(_epilogue.o)
 .data          0x00800119        0x0 /usr/local/CrossPack-AVR-20131216/lib/gcc/avr/4.8.1/../../../../avr/lib/avr5/libm.a(cmpsf2.o)
 .data          0x00800119        0x0 /usr/local/CrossPack-AVR-20131216/lib/gcc/avr/4.8.1/../../../../avr/lib/avr5/libm.a(divsf3.o)
 .data          0x00800119        0x0 /usr/local/CrossPack-AVR-20131216/lib/gcc/avr/4.8.1/../../../../avr/lib/avr5/libm.a(divsf3x.o)
 .data          0x00800119        0x0 /usr/local/CrossPack-AVR-20131216/lib/gcc/avr/4.8.1/../../../../avr/lib/avr5/libm.a(fixunssfsi.o)
 .data          0x00800119        0x0 /usr/local/CrossPack-AVR-20131216/lib/gcc/avr/4.8.1/../../../../avr/lib/avr5/libm.a(floatsisf.o)
 .data          0x00800119        0x0 /usr/local/CrossPack-AVR-20131216/lib/gcc/avr/4.8.1/../../../../avr/lib/avr5/libm.a(fp_cmp.o)
 .data          0x00800119        0x0 /usr/local/CrossPack-AVR-20131216/lib/gcc/avr/4.8.1/../../../../avr/lib/avr5/libm.a(fp_inf.o)
 .data          0x00800119        0x0 /usr/local/CrossPack-AVR-20131216/lib/gcc/avr/4.8.1/../../../../avr/lib/avr5/libm.a(fp_nan.o)
 .data          0x00800119        0x0 /usr/local/CrossPack-AVR-20131216/lib/gcc/avr/4.8.1/../../../../avr/lib/avr5/libm.a(fp_pscA.o)
 .data          0x00800119        0x0 /usr/local/CrossPack-AVR-20131216/lib/gcc/avr/4.8.1/../../../../avr/lib/avr5/libm.a(fp_pscB.o)
 .data          0x00800119        0x0 /usr/local/CrossPack-AVR-20131216/lib/gcc/avr/4.8.1/../../../../avr/lib/avr5/libm.a(fp_round.o)
 .data          0x00800119        0x0 /usr/local/CrossPack-AVR-20131216/lib/gcc/avr/4.8.1/../../../../avr/lib/avr5/libm.a(fp_split3.o)
 .data          0x00800119        0x0 /usr/local/CrossPack-AVR-20131216/lib/gcc/avr/4.8.1/../../../../avr/lib/avr5/libm.a(fp_zero.o)
 .data          0x00800119        0x0 /usr/local/CrossPack-AVR-20131216/lib/gcc/avr/4.8.1/../../../../avr/lib/avr5/libm.a(gesf2.o)
 .data          0x00800119        0x0 /usr/local/CrossPack-AVR-20131216/lib/gcc/avr/4.8.1/../../../../avr/lib/avr5/libm.a(mulsf3.o)
 .data          0x00800119        0x0 /usr/local/CrossPack-AVR-20131216/lib/gcc/avr/4.8.1/../../../../avr/lib/avr5/libm.a(mulsf3x.o)
 .data          0x00800119        0x6 /usr/local/CrossPack-AVR-20131216/lib/gcc/avr/4.8.1/../../../../avr/lib/avr5/libc.a(malloc.o)
                0x00800119                __malloc_heap_end
                0x0080011b                __malloc_heap_start
                0x0080011d                __malloc_margin
 .data          0x0080011f        0x0 /usr/local/CrossPack-AVR-20131216/lib/gcc/avr/4.8.1/../../../../avr/lib/avr5/libc.a(atof.o)
 .data          0x0080011f        0x0 /usr/local/CrossPack-AVR-20131216/lib/gcc/avr/4.8.1/../../../../avr/lib/avr5/libc.a(ftoa_engine.o)
 .data          0x0080011f        0x0 /usr/local/CrossPack-AVR-20131216/lib/gcc/avr/4.8.1/../../../../avr/lib/avr5/libc.a(memcpy_P.o)
 .data          0x0080011f        0x0 /usr/local/CrossPack-AVR-20131216/lib/gcc/avr/4.8.1/../../../../avr/lib/avr5/libc.a(strnlen_P.o)
 .data          0x0080011f        0x0 /usr/local/CrossPack-AVR-20131216/lib/gcc/avr/4.8.1/../../../../avr/lib/avr5/libc.a(memcmp.o)
 .data          0x0080011f        0x0 /usr/local/CrossPack-AVR-20131216/lib/gcc/avr/4.8.1/../../../../avr/lib/avr5/libc.a(memcpy.o)
 .data          0x0080011f        0x0 /usr/local/CrossPack-AVR-20131216/lib/gcc/avr/4.8.1/../../../../avr/lib/avr5/libc.a(memset.o)
 .data          0x0080011f        0x0 /usr/local/CrossPack-AVR-20131216/lib/gcc/avr/4.8.1/../../../../avr/lib/avr5/libc.a(strcpy.o)
 .data          0x0080011f        0x0 /usr/local/CrossPack-AVR-20131216/lib/gcc/avr/4.8.1/../../../../avr/lib/avr5/libc.a(strnlen.o)
 .data          0x0080011f        0x0 /usr/local/CrossPack-AVR-20131216/lib/gcc/avr/4.8.1/../../../../avr/lib/avr5/libc.a(fputc.o)
 .data          0x0080011f        0x0 /usr/local/CrossPack-AVR-20131216/lib/gcc/avr/4.8.1/../../../../avr/lib/avr5/libc.a(sprintf.o)
 .data          0x0080011f        0x0 /usr/local/CrossPack-AVR-20131216/lib/gcc/avr/4.8.1/../../../../avr/lib/avr5/libc.a(ultoa_invert.o)
 .data          0x0080011f        0x0 /usr/local/CrossPack-AVR-20131216/lib/gcc/avr/4.8.1/../../../../avr/lib/avr5/libc.a(eerd_byte_atmega32u4.o)
 .data          0x0080011f        0x0 /usr/local/CrossPack-AVR-20131216/lib/gcc/avr/4.8.1/../../../../avr/lib/avr5/libc.a(eeupd_byte_atmega32u4.o)
 .data          0x0080011f        0x0 /usr/local/CrossPack-AVR-20131216/lib/gcc/avr/4.8.1/../../../../avr/lib/avr5/libc.a(strtod.o)
 .data          0x0080011f        0x0 /usr/local/CrossPack-AVR-20131216/lib/gcc/avr/4.8.1/../../../../avr/lib/avr5/libc.a(isspace.o)
 .data          0x0080011f        0x0 /usr/local/CrossPack-AVR-20131216/lib/gcc/avr/4.8.1/../../../../avr/lib/avr5/libc.a(strncasecmp_P.o)
 .data          0x0080011f        0x0 /usr/local/CrossPack-AVR-20131216/lib/gcc/avr/4.8.1/../../../../avr/lib/avr5/libc.a(errno.o)
 .data          0x0080011f        0x0 /usr/local/CrossPack-AVR-20131216/lib/gcc/avr/4.8.1/../../../../avr/lib/avr5/libc.a(cty_isfalse.o)
 .data          0x0080011f        0x0 /usr/local/CrossPack-AVR-20131216/lib/gcc/avr/4.8.1/avr5/libgcc.a(_muluhisi3.o)
 .data          0x0080011f        0x0 /usr/local/CrossPack-AVR-20131216/lib/gcc/avr/4.8.1/avr5/libgcc.a(_umulhisi3.o)
 *(.data*)
 *(.rodata)
 .rodata        0x0080011f        0x8 structure.o
 .rodata        0x00800127      0x100 command.o
 *(.rodata*)
 .rodata.str1.1
                0x00800227      0x106 TestAndMeasurement.o
 .rodata.str1.1
                0x0080032d       0x20 command.o
 *(.gnu.linkonce.d*)
                0x0080034e                . = ALIGN (0x2)
 *fill*         0x0080034d        0x1 
                0x0080034e                _edata = .
                0x0080034e                PROVIDE (__data_end, .)

.bss            0x0080034e      0x223
                0x0080034e                PROVIDE (__bss_start, .)
 *(.bss)
 .bss           0x0080034e      0x107 TestAndMeasurement.o
 .bss           0x00800455        0x2 structure.o
                0x00800455                queue
 .bss           0x00800457        0x4 sampling.o
                0x00800457                dataQ
                0x00800459                temp_test
                0x0080045a                buf1_end
 *(.bss*)
 *(COMMON)
 COMMON         0x0080045b        0x2 adcLib.o
                0x0080045b                mode2
                0x0080045c                inmux
 COMMON         0x0080045d      0x101 sampling.o
                0x0080045d                buf1
                0x0080055c                cur_channel
                0x0080055d                read
 COMMON         0x0080055e        0x3 ../../../../LUFA/Drivers/USB/Core/DeviceStandardReq.o
                0x0080055e                USB_Device_ConfigurationNumber
                0x0080055f                USB_Device_CurrentlySelfPowered
                0x00800560                USB_Device_RemoteWakeupEnabled
 COMMON         0x00800561        0xa ../../../../LUFA/Drivers/USB/Core/USBTask.o
                0x00800561                USB_IsInitialized
                0x00800562                USB_DeviceState
                0x00800563                USB_ControlRequest
 COMMON         0x0080056b        0x4 /usr/local/CrossPack-AVR-20131216/lib/gcc/avr/4.8.1/../../../../avr/lib/avr5/libc.a(malloc.o)
                0x0080056b                __brkval
                0x0080056d                __flp
 COMMON         0x0080056f        0x2 /usr/local/CrossPack-AVR-20131216/lib/gcc/avr/4.8.1/../../../../avr/lib/avr5/libc.a(errno.o)
                0x0080056f                errno
                0x00800571                PROVIDE (__bss_end, .)
                0x00003074                __data_load_start = LOADADDR (.data)
                0x000032c2                __data_load_end = (__data_load_start + SIZEOF (.data))

.noinit         0x00800571        0x0
                0x00800571                PROVIDE (__noinit_start, .)
 *(.noinit*)
                0x00800571                PROVIDE (__noinit_end, .)
                0x00800571                _end = .
                0x00800571                PROVIDE (__heap_start, .)

.eeprom         0x00810000        0x0
 *(.eeprom*)
                0x00810000                __eeprom_end = .

.fuse
 *(.fuse)
 *(.lfuse)
 *(.hfuse)
 *(.efuse)

.lock
 *(.lock*)

.signature
 *(.signature*)

.user_signatures
 *(.user_signatures*)

.stab
 *(.stab)

.stabstr
 *(.stabstr)

.stab.excl
 *(.stab.excl)

.stab.exclstr
 *(.stab.exclstr)

.stab.index
 *(.stab.index)

.stab.indexstr
 *(.stab.indexstr)

.comment        0x00000000       0x11
 *(.comment)
 .comment       0x00000000       0x11 /usr/local/CrossPack-AVR-20131216/lib/gcc/avr/4.8.1/../../../../avr/lib/avr5/libprintf_flt.a(vfprintf_flt.o)
                                 0x12 (size before relaxing)
 .comment       0x00000000       0x12 TestAndMeasurement.o
 .comment       0x00000000       0x12 Descriptors.o
 .comment       0x00000000       0x12 structure.o
 .comment       0x00000000       0x12 command.o
 .comment       0x00000000       0x12 adcLib.o
 .comment       0x00000000       0x12 spi_con.o
 .comment       0x00000000       0x12 sampling.o
 .comment       0x00000000       0x12 ../../../../LUFA/Drivers/USB/Core/AVR8/Device_AVR8.o
 .comment       0x00000000       0x12 ../../../../LUFA/Drivers/USB/Core/AVR8/Endpoint_AVR8.o
 .comment       0x00000000       0x12 ../../../../LUFA/Drivers/USB/Core/AVR8/Host_AVR8.o
 .comment       0x00000000       0x12 ../../../../LUFA/Drivers/USB/Core/AVR8/Pipe_AVR8.o
 .comment       0x00000000       0x12 ../../../../LUFA/Drivers/USB/Core/AVR8/USBController_AVR8.o
 .comment       0x00000000       0x12 ../../../../LUFA/Drivers/USB/Core/AVR8/USBInterrupt_AVR8.o
 .comment       0x00000000       0x12 ../../../../LUFA/Drivers/USB/Core/AVR8/EndpointStream_AVR8.o
 .comment       0x00000000       0x12 ../../../../LUFA/Drivers/USB/Core/AVR8/PipeStream_AVR8.o
 .comment       0x00000000       0x12 ../../../../LUFA/Drivers/USB/Core/ConfigDescriptors.o
 .comment       0x00000000       0x12 ../../../../LUFA/Drivers/USB/Core/DeviceStandardReq.o
 .comment       0x00000000       0x12 ../../../../LUFA/Drivers/USB/Core/Events.o
 .comment       0x00000000       0x12 ../../../../LUFA/Drivers/USB/Core/HostStandardReq.o
 .comment       0x00000000       0x12 ../../../../LUFA/Drivers/USB/Core/USBTask.o
 .comment       0x00000000       0x12 ../../../../LUFA/Drivers/USB/Class/Common/HIDParser.o
 .comment       0x00000000       0x12 ../../../../LUFA/Drivers/USB/Class/Device/AudioClassDevice.o
 .comment       0x00000000       0x12 ../../../../LUFA/Drivers/USB/Class/Device/CDCClassDevice.o
 .comment       0x00000000       0x12 ../../../../LUFA/Drivers/USB/Class/Device/HIDClassDevice.o
 .comment       0x00000000       0x12 ../../../../LUFA/Drivers/USB/Class/Device/MassStorageClassDevice.o
 .comment       0x00000000       0x12 ../../../../LUFA/Drivers/USB/Class/Device/MIDIClassDevice.o
 .comment       0x00000000       0x12 ../../../../LUFA/Drivers/USB/Class/Device/RNDISClassDevice.o
 .comment       0x00000000       0x12 ../../../../LUFA/Drivers/USB/Class/Host/AndroidAccessoryClassHost.o
 .comment       0x00000000       0x12 ../../../../LUFA/Drivers/USB/Class/Host/AudioClassHost.o
 .comment       0x00000000       0x12 ../../../../LUFA/Drivers/USB/Class/Host/CDCClassHost.o
 .comment       0x00000000       0x12 ../../../../LUFA/Drivers/USB/Class/Host/HIDClassHost.o
 .comment       0x00000000       0x12 ../../../../LUFA/Drivers/USB/Class/Host/MassStorageClassHost.o
 .comment       0x00000000       0x12 ../../../../LUFA/Drivers/USB/Class/Host/MIDIClassHost.o
 .comment       0x00000000       0x12 ../../../../LUFA/Drivers/USB/Class/Host/PrinterClassHost.o
 .comment       0x00000000       0x12 ../../../../LUFA/Drivers/USB/Class/Host/RNDISClassHost.o
 .comment       0x00000000       0x12 ../../../../LUFA/Drivers/USB/Class/Host/StillImageClassHost.o
 .comment       0x00000000       0x12 /usr/local/CrossPack-AVR-20131216/lib/gcc/avr/4.8.1/../../../../avr/lib/avr5/libc.a(malloc.o)
 .comment       0x00000000       0x12 /usr/local/CrossPack-AVR-20131216/lib/gcc/avr/4.8.1/../../../../avr/lib/avr5/libc.a(fputc.o)
 .comment       0x00000000       0x12 /usr/local/CrossPack-AVR-20131216/lib/gcc/avr/4.8.1/../../../../avr/lib/avr5/libc.a(sprintf.o)
 .comment       0x00000000       0x12 /usr/local/CrossPack-AVR-20131216/lib/gcc/avr/4.8.1/../../../../avr/lib/avr5/libc.a(strtod.o)
 .comment       0x00000000       0x12 /usr/local/CrossPack-AVR-20131216/lib/gcc/avr/4.8.1/../../../../avr/lib/avr5/libc.a(errno.o)

.debug
 *(.debug)

.line
 *(.line)

.debug_srcinfo
 *(.debug_srcinfo)

.debug_sfnames
 *(.debug_sfnames)

.debug_aranges  0x00000000      0x8a8
 *(.debug_aranges)
 .debug_aranges
                0x00000000       0x70 TestAndMeasurement.o
 .debug_aranges
                0x00000070       0x20 Descriptors.o
 .debug_aranges
                0x00000090       0x68 structure.o
 .debug_aranges
                0x000000f8       0x58 command.o
 .debug_aranges
                0x00000150       0x70 adcLib.o
 .debug_aranges
                0x000001c0       0x28 spi_con.o
 .debug_aranges
                0x000001e8       0x70 sampling.o
 .debug_aranges
                0x00000258       0x20 ../../../../LUFA/Drivers/USB/Core/AVR8/Device_AVR8.o
 .debug_aranges
                0x00000278       0x40 ../../../../LUFA/Drivers/USB/Core/AVR8/Endpoint_AVR8.o
 .debug_aranges
                0x000002b8       0x18 ../../../../LUFA/Drivers/USB/Core/AVR8/Host_AVR8.o
 .debug_aranges
                0x000002d0       0x18 ../../../../LUFA/Drivers/USB/Core/AVR8/Pipe_AVR8.o
 .debug_aranges
                0x000002e8       0x30 ../../../../LUFA/Drivers/USB/Core/AVR8/USBController_AVR8.o
 .debug_aranges
                0x00000318       0x38 ../../../../LUFA/Drivers/USB/Core/AVR8/USBInterrupt_AVR8.o
 .debug_aranges
                0x00000350       0xc8 ../../../../LUFA/Drivers/USB/Core/AVR8/EndpointStream_AVR8.o
 .debug_aranges
                0x00000418       0x18 ../../../../LUFA/Drivers/USB/Core/AVR8/PipeStream_AVR8.o
 .debug_aranges
                0x00000430       0x40 ../../../../LUFA/Drivers/USB/Core/ConfigDescriptors.o
 .debug_aranges
                0x00000470       0x20 ../../../../LUFA/Drivers/USB/Core/DeviceStandardReq.o
 .debug_aranges
                0x00000490       0x20 ../../../../LUFA/Drivers/USB/Core/Events.o
 .debug_aranges
                0x000004b0       0x18 ../../../../LUFA/Drivers/USB/Core/HostStandardReq.o
 .debug_aranges
                0x000004c8       0x20 ../../../../LUFA/Drivers/USB/Core/USBTask.o
 .debug_aranges
                0x000004e8       0x38 ../../../../LUFA/Drivers/USB/Class/Common/HIDParser.o
 .debug_aranges
                0x00000520       0x30 ../../../../LUFA/Drivers/USB/Class/Device/AudioClassDevice.o
 .debug_aranges
                0x00000550       0x98 ../../../../LUFA/Drivers/USB/Class/Device/CDCClassDevice.o
 .debug_aranges
                0x000005e8       0x30 ../../../../LUFA/Drivers/USB/Class/Device/HIDClassDevice.o
 .debug_aranges
                0x00000618       0x30 ../../../../LUFA/Drivers/USB/Class/Device/MassStorageClassDevice.o
 .debug_aranges
                0x00000648       0x40 ../../../../LUFA/Drivers/USB/Class/Device/MIDIClassDevice.o
 .debug_aranges
                0x00000688       0x48 ../../../../LUFA/Drivers/USB/Class/Device/RNDISClassDevice.o
 .debug_aranges
                0x000006d0       0x18 ../../../../LUFA/Drivers/USB/Class/Host/AndroidAccessoryClassHost.o
 .debug_aranges
                0x000006e8       0x18 ../../../../LUFA/Drivers/USB/Class/Host/AudioClassHost.o
 .debug_aranges
                0x00000700       0x18 ../../../../LUFA/Drivers/USB/Class/Host/CDCClassHost.o
 .debug_aranges
                0x00000718       0x18 ../../../../LUFA/Drivers/USB/Class/Host/HIDClassHost.o
 .debug_aranges
                0x00000730       0x18 ../../../../LUFA/Drivers/USB/Class/Host/MassStorageClassHost.o
 .debug_aranges
                0x00000748       0x18 ../../../../LUFA/Drivers/USB/Class/Host/MIDIClassHost.o
 .debug_aranges
                0x00000760       0x18 ../../../../LUFA/Drivers/USB/Class/Host/PrinterClassHost.o
 .debug_aranges
                0x00000778       0x18 ../../../../LUFA/Drivers/USB/Class/Host/RNDISClassHost.o
 .debug_aranges
                0x00000790       0x18 ../../../../LUFA/Drivers/USB/Class/Host/StillImageClassHost.o
 .debug_aranges
                0x000007a8       0x20 /usr/local/CrossPack-AVR-20131216/lib/gcc/avr/4.8.1/avr5/libgcc.a(_exit.o)
 .debug_aranges
                0x000007c8       0x20 /usr/local/CrossPack-AVR-20131216/lib/gcc/avr/4.8.1/avr5/libgcc.a(_tablejump.o)
 .debug_aranges
                0x000007e8       0x20 /usr/local/CrossPack-AVR-20131216/lib/gcc/avr/4.8.1/avr5/libgcc.a(_copy_data.o)
 .debug_aranges
                0x00000808       0x20 /usr/local/CrossPack-AVR-20131216/lib/gcc/avr/4.8.1/avr5/libgcc.a(_clear_bss.o)
 .debug_aranges
                0x00000828       0x20 /usr/local/CrossPack-AVR-20131216/lib/gcc/avr/4.8.1/avr5/libgcc.a(_prologue.o)
 .debug_aranges
                0x00000848       0x20 /usr/local/CrossPack-AVR-20131216/lib/gcc/avr/4.8.1/avr5/libgcc.a(_epilogue.o)
 .debug_aranges
                0x00000868       0x20 /usr/local/CrossPack-AVR-20131216/lib/gcc/avr/4.8.1/avr5/libgcc.a(_muluhisi3.o)
 .debug_aranges
                0x00000888       0x20 /usr/local/CrossPack-AVR-20131216/lib/gcc/avr/4.8.1/avr5/libgcc.a(_umulhisi3.o)

.debug_pubnames
 *(.debug_pubnames)

.debug_info     0x00000000     0xbc10
 *(.debug_info)
 .debug_info    0x00000000     0x13c9 TestAndMeasurement.o
 .debug_info    0x000013c9      0x58c Descriptors.o
 .debug_info    0x00001955      0x497 structure.o
 .debug_info    0x00001dec      0x48e command.o
 .debug_info    0x0000227a      0x582 adcLib.o
 .debug_info    0x000027fc       0xb1 spi_con.o
 .debug_info    0x000028ad      0x5c9 sampling.o
 .debug_info    0x00002e76       0xd6 ../../../../LUFA/Drivers/USB/Core/AVR8/Device_AVR8.o
 .debug_info    0x00002f4c      0x618 ../../../../LUFA/Drivers/USB/Core/AVR8/Endpoint_AVR8.o
 .debug_info    0x00003564       0x5a ../../../../LUFA/Drivers/USB/Core/AVR8/Host_AVR8.o
 .debug_info    0x000035be       0x5a ../../../../LUFA/Drivers/USB/Core/AVR8/Pipe_AVR8.o
 .debug_info    0x00003618      0x4c1 ../../../../LUFA/Drivers/USB/Core/AVR8/USBController_AVR8.o
 .debug_info    0x00003ad9      0x7c8 ../../../../LUFA/Drivers/USB/Core/AVR8/USBInterrupt_AVR8.o
 .debug_info    0x000042a1     0x175e ../../../../LUFA/Drivers/USB/Core/AVR8/EndpointStream_AVR8.o
 .debug_info    0x000059ff       0x5a ../../../../LUFA/Drivers/USB/Core/AVR8/PipeStream_AVR8.o
 .debug_info    0x00005a59      0x3cd ../../../../LUFA/Drivers/USB/Core/ConfigDescriptors.o
 .debug_info    0x00005e26      0xa8a ../../../../LUFA/Drivers/USB/Core/DeviceStandardReq.o
 .debug_info    0x000068b0       0x7c ../../../../LUFA/Drivers/USB/Core/Events.o
 .debug_info    0x0000692c       0x21 ../../../../LUFA/Drivers/USB/Core/HostStandardReq.o
 .debug_info    0x0000694d      0x271 ../../../../LUFA/Drivers/USB/Core/USBTask.o
 .debug_info    0x00006bbe      0x740 ../../../../LUFA/Drivers/USB/Class/Common/HIDParser.o
 .debug_info    0x000072fe      0x900 ../../../../LUFA/Drivers/USB/Class/Device/AudioClassDevice.o
 .debug_info    0x00007bfe      0xe54 ../../../../LUFA/Drivers/USB/Class/Device/CDCClassDevice.o
 .debug_info    0x00008a52      0x9ee ../../../../LUFA/Drivers/USB/Class/Device/HIDClassDevice.o
 .debug_info    0x00009440      0x95f ../../../../LUFA/Drivers/USB/Class/Device/MassStorageClassDevice.o
 .debug_info    0x00009d9f      0x5dc ../../../../LUFA/Drivers/USB/Class/Device/MIDIClassDevice.o
 .debug_info    0x0000a37b     0x117c ../../../../LUFA/Drivers/USB/Class/Device/RNDISClassDevice.o
 .debug_info    0x0000b4f7       0x21 ../../../../LUFA/Drivers/USB/Class/Host/AndroidAccessoryClassHost.o
 .debug_info    0x0000b518       0x21 ../../../../LUFA/Drivers/USB/Class/Host/AudioClassHost.o
 .debug_info    0x0000b539       0x21 ../../../../LUFA/Drivers/USB/Class/Host/CDCClassHost.o
 .debug_info    0x0000b55a       0x21 ../../../../LUFA/Drivers/USB/Class/Host/HIDClassHost.o
 .debug_info    0x0000b57b       0x21 ../../../../LUFA/Drivers/USB/Class/Host/MassStorageClassHost.o
 .debug_info    0x0000b59c       0x21 ../../../../LUFA/Drivers/USB/Class/Host/MIDIClassHost.o
 .debug_info    0x0000b5bd       0x21 ../../../../LUFA/Drivers/USB/Class/Host/PrinterClassHost.o
 .debug_info    0x0000b5de       0x21 ../../../../LUFA/Drivers/USB/Class/Host/RNDISClassHost.o
 .debug_info    0x0000b5ff       0x21 ../../../../LUFA/Drivers/USB/Class/Host/StillImageClassHost.o
 .debug_info    0x0000b620       0xbe /usr/local/CrossPack-AVR-20131216/lib/gcc/avr/4.8.1/avr5/libgcc.a(_exit.o)
 .debug_info    0x0000b6de       0xbe /usr/local/CrossPack-AVR-20131216/lib/gcc/avr/4.8.1/avr5/libgcc.a(_tablejump.o)
 .debug_info    0x0000b79c       0xbe /usr/local/CrossPack-AVR-20131216/lib/gcc/avr/4.8.1/avr5/libgcc.a(_copy_data.o)
 .debug_info    0x0000b85a       0xbe /usr/local/CrossPack-AVR-20131216/lib/gcc/avr/4.8.1/avr5/libgcc.a(_clear_bss.o)
 .debug_info    0x0000b918       0xbe /usr/local/CrossPack-AVR-20131216/lib/gcc/avr/4.8.1/avr5/libgcc.a(_prologue.o)
 .debug_info    0x0000b9d6       0xbe /usr/local/CrossPack-AVR-20131216/lib/gcc/avr/4.8.1/avr5/libgcc.a(_epilogue.o)
 .debug_info    0x0000ba94       0xbe /usr/local/CrossPack-AVR-20131216/lib/gcc/avr/4.8.1/avr5/libgcc.a(_muluhisi3.o)
 .debug_info    0x0000bb52       0xbe /usr/local/CrossPack-AVR-20131216/lib/gcc/avr/4.8.1/avr5/libgcc.a(_umulhisi3.o)
 *(.gnu.linkonce.wi.*)

.debug_abbrev   0x00000000     0x3214
 *(.debug_abbrev)
 .debug_abbrev  0x00000000      0x49a TestAndMeasurement.o
 .debug_abbrev  0x0000049a      0x151 Descriptors.o
 .debug_abbrev  0x000005eb      0x20f structure.o
 .debug_abbrev  0x000007fa      0x162 command.o
 .debug_abbrev  0x0000095c      0x22f adcLib.o
 .debug_abbrev  0x00000b8b       0x7d spi_con.o
 .debug_abbrev  0x00000c08      0x293 sampling.o
 .debug_abbrev  0x00000e9b       0x83 ../../../../LUFA/Drivers/USB/Core/AVR8/Device_AVR8.o
 .debug_abbrev  0x00000f1e      0x225 ../../../../LUFA/Drivers/USB/Core/AVR8/Endpoint_AVR8.o
 .debug_abbrev  0x00001143       0x29 ../../../../LUFA/Drivers/USB/Core/AVR8/Host_AVR8.o
 .debug_abbrev  0x0000116c       0x29 ../../../../LUFA/Drivers/USB/Core/AVR8/Pipe_AVR8.o
 .debug_abbrev  0x00001195      0x1a8 ../../../../LUFA/Drivers/USB/Core/AVR8/USBController_AVR8.o
 .debug_abbrev  0x0000133d      0x237 ../../../../LUFA/Drivers/USB/Core/AVR8/USBInterrupt_AVR8.o
 .debug_abbrev  0x00001574      0x216 ../../../../LUFA/Drivers/USB/Core/AVR8/EndpointStream_AVR8.o
 .debug_abbrev  0x0000178a       0x29 ../../../../LUFA/Drivers/USB/Core/AVR8/PipeStream_AVR8.o
 .debug_abbrev  0x000017b3      0x179 ../../../../LUFA/Drivers/USB/Core/ConfigDescriptors.o
 .debug_abbrev  0x0000192c      0x2b2 ../../../../LUFA/Drivers/USB/Core/DeviceStandardReq.o
 .debug_abbrev  0x00001bde       0x47 ../../../../LUFA/Drivers/USB/Core/Events.o
 .debug_abbrev  0x00001c25       0x13 ../../../../LUFA/Drivers/USB/Core/HostStandardReq.o
 .debug_abbrev  0x00001c38      0x170 ../../../../LUFA/Drivers/USB/Core/USBTask.o
 .debug_abbrev  0x00001da8      0x221 ../../../../LUFA/Drivers/USB/Class/Common/HIDParser.o
 .debug_abbrev  0x00001fc9      0x20f ../../../../LUFA/Drivers/USB/Class/Device/AudioClassDevice.o
 .debug_abbrev  0x000021d8      0x420 ../../../../LUFA/Drivers/USB/Class/Device/CDCClassDevice.o
 .debug_abbrev  0x000025f8      0x26e ../../../../LUFA/Drivers/USB/Class/Device/HIDClassDevice.o
 .debug_abbrev  0x00002866      0x2ab ../../../../LUFA/Drivers/USB/Class/Device/MassStorageClassDevice.o
 .debug_abbrev  0x00002b11      0x246 ../../../../LUFA/Drivers/USB/Class/Device/MIDIClassDevice.o
 .debug_abbrev  0x00002d57      0x372 ../../../../LUFA/Drivers/USB/Class/Device/RNDISClassDevice.o
 .debug_abbrev  0x000030c9       0x13 ../../../../LUFA/Drivers/USB/Class/Host/AndroidAccessoryClassHost.o
 .debug_abbrev  0x000030dc       0x13 ../../../../LUFA/Drivers/USB/Class/Host/AudioClassHost.o
 .debug_abbrev  0x000030ef       0x13 ../../../../LUFA/Drivers/USB/Class/Host/CDCClassHost.o
 .debug_abbrev  0x00003102       0x13 ../../../../LUFA/Drivers/USB/Class/Host/HIDClassHost.o
 .debug_abbrev  0x00003115       0x13 ../../../../LUFA/Drivers/USB/Class/Host/MassStorageClassHost.o
 .debug_abbrev  0x00003128       0x13 ../../../../LUFA/Drivers/USB/Class/Host/MIDIClassHost.o
 .debug_abbrev  0x0000313b       0x13 ../../../../LUFA/Drivers/USB/Class/Host/PrinterClassHost.o
 .debug_abbrev  0x0000314e       0x13 ../../../../LUFA/Drivers/USB/Class/Host/RNDISClassHost.o
 .debug_abbrev  0x00003161       0x13 ../../../../LUFA/Drivers/USB/Class/Host/StillImageClassHost.o
 .debug_abbrev  0x00003174       0x14 /usr/local/CrossPack-AVR-20131216/lib/gcc/avr/4.8.1/avr5/libgcc.a(_exit.o)
 .debug_abbrev  0x00003188       0x14 /usr/local/CrossPack-AVR-20131216/lib/gcc/avr/4.8.1/avr5/libgcc.a(_tablejump.o)
 .debug_abbrev  0x0000319c       0x14 /usr/local/CrossPack-AVR-20131216/lib/gcc/avr/4.8.1/avr5/libgcc.a(_copy_data.o)
 .debug_abbrev  0x000031b0       0x14 /usr/local/CrossPack-AVR-20131216/lib/gcc/avr/4.8.1/avr5/libgcc.a(_clear_bss.o)
 .debug_abbrev  0x000031c4       0x14 /usr/local/CrossPack-AVR-20131216/lib/gcc/avr/4.8.1/avr5/libgcc.a(_prologue.o)
 .debug_abbrev  0x000031d8       0x14 /usr/local/CrossPack-AVR-20131216/lib/gcc/avr/4.8.1/avr5/libgcc.a(_epilogue.o)
 .debug_abbrev  0x000031ec       0x14 /usr/local/CrossPack-AVR-20131216/lib/gcc/avr/4.8.1/avr5/libgcc.a(_muluhisi3.o)
 .debug_abbrev  0x00003200       0x14 /usr/local/CrossPack-AVR-20131216/lib/gcc/avr/4.8.1/avr5/libgcc.a(_umulhisi3.o)

.debug_line     0x00000000     0xe2ab
 *(.debug_line)
 .debug_line    0x00000000      0xfbc TestAndMeasurement.o
 .debug_line    0x00000fbc      0xb87 Descriptors.o
 .debug_line    0x00001b43      0x200 structure.o
 .debug_line    0x00001d43      0x226 command.o
 .debug_line    0x00001f69      0x31e adcLib.o
 .debug_line    0x00002287      0x180 spi_con.o
 .debug_line    0x00002407      0x39b sampling.o
 .debug_line    0x000027a2      0x7fb ../../../../LUFA/Drivers/USB/Core/AVR8/Device_AVR8.o
 .debug_line    0x00002f9d      0x96b ../../../../LUFA/Drivers/USB/Core/AVR8/Endpoint_AVR8.o
 .debug_line    0x00003908      0x376 ../../../../LUFA/Drivers/USB/Core/AVR8/Host_AVR8.o
 .debug_line    0x00003c7e      0x376 ../../../../LUFA/Drivers/USB/Core/AVR8/Pipe_AVR8.o
 .debug_line    0x00003ff4      0x736 ../../../../LUFA/Drivers/USB/Core/AVR8/USBController_AVR8.o
 .debug_line    0x0000472a      0x947 ../../../../LUFA/Drivers/USB/Core/AVR8/USBInterrupt_AVR8.o
 .debug_line    0x00005071     0x111b ../../../../LUFA/Drivers/USB/Core/AVR8/EndpointStream_AVR8.o
 .debug_line    0x0000618c      0x37c ../../../../LUFA/Drivers/USB/Core/AVR8/PipeStream_AVR8.o
 .debug_line    0x00006508      0x707 ../../../../LUFA/Drivers/USB/Core/ConfigDescriptors.o
 .debug_line    0x00006c0f      0x7fd ../../../../LUFA/Drivers/USB/Core/DeviceStandardReq.o
 .debug_line    0x0000740c      0x357 ../../../../LUFA/Drivers/USB/Core/Events.o
 .debug_line    0x00007763       0x5e ../../../../LUFA/Drivers/USB/Core/HostStandardReq.o
 .debug_line    0x000077c1      0x6b7 ../../../../LUFA/Drivers/USB/Core/USBTask.o
 .debug_line    0x00007e78      0x5a8 ../../../../LUFA/Drivers/USB/Class/Common/HIDParser.o
 .debug_line    0x00008420      0xd78 ../../../../LUFA/Drivers/USB/Class/Device/AudioClassDevice.o
 .debug_line    0x00009198      0xfcd ../../../../LUFA/Drivers/USB/Class/Device/CDCClassDevice.o
 .debug_line    0x0000a165      0xe1b ../../../../LUFA/Drivers/USB/Class/Device/HIDClassDevice.o
 .debug_line    0x0000af80      0xe1e ../../../../LUFA/Drivers/USB/Class/Device/MassStorageClassDevice.o
 .debug_line    0x0000bd9e      0xdbc ../../../../LUFA/Drivers/USB/Class/Device/MIDIClassDevice.o
 .debug_line    0x0000cb5a      0xed9 ../../../../LUFA/Drivers/USB/Class/Device/RNDISClassDevice.o
 .debug_line    0x0000da33       0xa1 ../../../../LUFA/Drivers/USB/Class/Host/AndroidAccessoryClassHost.o
 .debug_line    0x0000dad4       0x96 ../../../../LUFA/Drivers/USB/Class/Host/AudioClassHost.o
 .debug_line    0x0000db6a       0x94 ../../../../LUFA/Drivers/USB/Class/Host/CDCClassHost.o
 .debug_line    0x0000dbfe       0x94 ../../../../LUFA/Drivers/USB/Class/Host/HIDClassHost.o
 .debug_line    0x0000dc92       0x9c ../../../../LUFA/Drivers/USB/Class/Host/MassStorageClassHost.o
 .debug_line    0x0000dd2e       0x95 ../../../../LUFA/Drivers/USB/Class/Host/MIDIClassHost.o
 .debug_line    0x0000ddc3       0x98 ../../../../LUFA/Drivers/USB/Class/Host/PrinterClassHost.o
 .debug_line    0x0000de5b       0x96 ../../../../LUFA/Drivers/USB/Class/Host/RNDISClassHost.o
 .debug_line    0x0000def1       0x9b ../../../../LUFA/Drivers/USB/Class/Host/StillImageClassHost.o
 .debug_line    0x0000df8c       0x58 /usr/local/CrossPack-AVR-20131216/lib/gcc/avr/4.8.1/avr5/libgcc.a(_exit.o)
 .debug_line    0x0000dfe4       0x5c /usr/local/CrossPack-AVR-20131216/lib/gcc/avr/4.8.1/avr5/libgcc.a(_tablejump.o)
 .debug_line    0x0000e040       0x61 /usr/local/CrossPack-AVR-20131216/lib/gcc/avr/4.8.1/avr5/libgcc.a(_copy_data.o)
 .debug_line    0x0000e0a1       0x5e /usr/local/CrossPack-AVR-20131216/lib/gcc/avr/4.8.1/avr5/libgcc.a(_clear_bss.o)
 .debug_line    0x0000e0ff       0x74 /usr/local/CrossPack-AVR-20131216/lib/gcc/avr/4.8.1/avr5/libgcc.a(_prologue.o)
 .debug_line    0x0000e173       0x73 /usr/local/CrossPack-AVR-20131216/lib/gcc/avr/4.8.1/avr5/libgcc.a(_epilogue.o)
 .debug_line    0x0000e1e6       0x60 /usr/local/CrossPack-AVR-20131216/lib/gcc/avr/4.8.1/avr5/libgcc.a(_muluhisi3.o)
 .debug_line    0x0000e246       0x65 /usr/local/CrossPack-AVR-20131216/lib/gcc/avr/4.8.1/avr5/libgcc.a(_umulhisi3.o)

.debug_frame    0x00000000     0x1308
 *(.debug_frame)
 .debug_frame   0x00000000      0x150 TestAndMeasurement.o
 .debug_frame   0x00000150       0x24 Descriptors.o
 .debug_frame   0x00000174      0x144 structure.o
 .debug_frame   0x000002b8       0xb4 command.o
 .debug_frame   0x0000036c      0x104 adcLib.o
 .debug_frame   0x00000470       0x34 spi_con.o
 .debug_frame   0x000004a4      0x138 sampling.o
 .debug_frame   0x000005dc       0x24 ../../../../LUFA/Drivers/USB/Core/AVR8/Device_AVR8.o
 .debug_frame   0x00000600       0x78 ../../../../LUFA/Drivers/USB/Core/AVR8/Endpoint_AVR8.o
 .debug_frame   0x00000678       0x58 ../../../../LUFA/Drivers/USB/Core/AVR8/USBController_AVR8.o
 .debug_frame   0x000006d0       0xe8 ../../../../LUFA/Drivers/USB/Core/AVR8/USBInterrupt_AVR8.o
 .debug_frame   0x000007b8      0x3ac ../../../../LUFA/Drivers/USB/Core/AVR8/EndpointStream_AVR8.o
 .debug_frame   0x00000b64      0x108 ../../../../LUFA/Drivers/USB/Core/ConfigDescriptors.o
 .debug_frame   0x00000c6c       0x40 ../../../../LUFA/Drivers/USB/Core/DeviceStandardReq.o
 .debug_frame   0x00000cac       0x24 ../../../../LUFA/Drivers/USB/Core/Events.o
 .debug_frame   0x00000cd0       0x2c ../../../../LUFA/Drivers/USB/Core/USBTask.o
 .debug_frame   0x00000cfc      0x114 ../../../../LUFA/Drivers/USB/Class/Common/HIDParser.o
 .debug_frame   0x00000e10       0xa8 ../../../../LUFA/Drivers/USB/Class/Device/AudioClassDevice.o
 .debug_frame   0x00000eb8      0x168 ../../../../LUFA/Drivers/USB/Class/Device/CDCClassDevice.o
 .debug_frame   0x00001020       0xe4 ../../../../LUFA/Drivers/USB/Class/Device/HIDClassDevice.o
 .debug_frame   0x00001104       0x80 ../../../../LUFA/Drivers/USB/Class/Device/MassStorageClassDevice.o
 .debug_frame   0x00001184       0x70 ../../../../LUFA/Drivers/USB/Class/Device/MIDIClassDevice.o
 .debug_frame   0x000011f4      0x114 ../../../../LUFA/Drivers/USB/Class/Device/RNDISClassDevice.o

.debug_str      0x00000000    0x19c2f
 *(.debug_str)
 .debug_str     0x00000000    0x163ff TestAndMeasurement.o
                              0x16726 (size before relaxing)
 .debug_str     0x000163ff      0x40b Descriptors.o
                              0x14d7e (size before relaxing)
 .debug_str     0x0001680a       0x41 structure.o
                               0x3efc (size before relaxing)
 .debug_str     0x0001684b       0x46 command.o
                               0x4103 (size before relaxing)
 .debug_str     0x00016891       0xb0 adcLib.o
                               0x9239 (size before relaxing)
 .debug_str     0x00016941       0x10 spi_con.o
                               0x7fb2 (size before relaxing)
 .debug_str     0x00016951       0x9e sampling.o
                               0x96d7 (size before relaxing)
 .debug_str     0x000169ef       0xb1 ../../../../LUFA/Drivers/USB/Core/AVR8/Device_AVR8.o
                               0xeccb (size before relaxing)
 .debug_str     0x00016aa0      0x296 ../../../../LUFA/Drivers/USB/Core/AVR8/Endpoint_AVR8.o
                               0xf0ed (size before relaxing)
 .debug_str     0x00016d36       0x33 ../../../../LUFA/Drivers/USB/Core/AVR8/Host_AVR8.o
                               0xe2f7 (size before relaxing)
 .debug_str     0x00016d69       0x33 ../../../../LUFA/Drivers/USB/Core/AVR8/Pipe_AVR8.o
                               0xe2f7 (size before relaxing)
 .debug_str     0x00016d9c      0x293 ../../../../LUFA/Drivers/USB/Core/AVR8/USBController_AVR8.o
                               0xf04d (size before relaxing)
 .debug_str     0x0001702f      0x191 ../../../../LUFA/Drivers/USB/Core/AVR8/USBInterrupt_AVR8.o
                               0xf0ab (size before relaxing)
 .debug_str     0x000171c0      0x8f7 ../../../../LUFA/Drivers/USB/Core/AVR8/EndpointStream_AVR8.o
                               0xfa3f (size before relaxing)
 .debug_str     0x00017ab7       0x39 ../../../../LUFA/Drivers/USB/Core/AVR8/PipeStream_AVR8.o
                               0xe2fd (size before relaxing)
 .debug_str     0x00017af0      0x22d ../../../../LUFA/Drivers/USB/Core/ConfigDescriptors.o
                               0xf03d (size before relaxing)
 .debug_str     0x00017d1d      0x3c4 ../../../../LUFA/Drivers/USB/Core/DeviceStandardReq.o
                               0xf484 (size before relaxing)
 .debug_str     0x000180e1       0x53 ../../../../LUFA/Drivers/USB/Core/Events.o
                               0xe328 (size before relaxing)
 .debug_str     0x00018134       0x34 ../../../../LUFA/Drivers/USB/Core/HostStandardReq.o
                               0x2b9b (size before relaxing)
 .debug_str     0x00018168       0x62 ../../../../LUFA/Drivers/USB/Core/USBTask.o
                               0xee6c (size before relaxing)
 .debug_str     0x000181ca      0x4a0 ../../../../LUFA/Drivers/USB/Class/Common/HIDParser.o
                              0x125d1 (size before relaxing)
 .debug_str     0x0001866a      0x2de ../../../../LUFA/Drivers/USB/Class/Device/AudioClassDevice.o
                              0x14d92 (size before relaxing)
 .debug_str     0x00018948      0x39b ../../../../LUFA/Drivers/USB/Class/Device/CDCClassDevice.o
                              0x150e5 (size before relaxing)
 .debug_str     0x00018ce3      0x26e ../../../../LUFA/Drivers/USB/Class/Device/HIDClassDevice.o
                              0x14de2 (size before relaxing)
 .debug_str     0x00018f51      0x28f ../../../../LUFA/Drivers/USB/Class/Device/MassStorageClassDevice.o
                              0x14ee4 (size before relaxing)
 .debug_str     0x000191e0      0x13c ../../../../LUFA/Drivers/USB/Class/Device/MIDIClassDevice.o
                              0x14d28 (size before relaxing)
 .debug_str     0x0001931c      0x6ff ../../../../LUFA/Drivers/USB/Class/Device/RNDISClassDevice.o
                              0x15445 (size before relaxing)
 .debug_str     0x00019a1b       0x44 ../../../../LUFA/Drivers/USB/Class/Host/AndroidAccessoryClassHost.o
                               0x2bab (size before relaxing)
 .debug_str     0x00019a5f       0x39 ../../../../LUFA/Drivers/USB/Class/Host/AudioClassHost.o
                               0x2ba0 (size before relaxing)
 .debug_str     0x00019a98       0x37 ../../../../LUFA/Drivers/USB/Class/Host/CDCClassHost.o
                               0x2b9e (size before relaxing)
 .debug_str     0x00019acf       0x37 ../../../../LUFA/Drivers/USB/Class/Host/HIDClassHost.o
                               0x2b9e (size before relaxing)
 .debug_str     0x00019b06       0x3f ../../../../LUFA/Drivers/USB/Class/Host/MassStorageClassHost.o
                               0x2ba6 (size before relaxing)
 .debug_str     0x00019b45       0x38 ../../../../LUFA/Drivers/USB/Class/Host/MIDIClassHost.o
                               0x2b9f (size before relaxing)
 .debug_str     0x00019b7d       0x3b ../../../../LUFA/Drivers/USB/Class/Host/PrinterClassHost.o
                               0x2ba2 (size before relaxing)
 .debug_str     0x00019bb8       0x39 ../../../../LUFA/Drivers/USB/Class/Host/RNDISClassHost.o
                               0x2ba0 (size before relaxing)
 .debug_str     0x00019bf1       0x3e ../../../../LUFA/Drivers/USB/Class/Host/StillImageClassHost.o
                               0x2ba5 (size before relaxing)

.debug_loc      0x00000000     0x72a9
 *(.debug_loc)
 .debug_loc     0x00000000      0x5e6 TestAndMeasurement.o
 .debug_loc     0x000005e6      0x186 Descriptors.o
 .debug_loc     0x0000076c      0x5f6 structure.o
 .debug_loc     0x00000d62      0x3fe command.o
 .debug_loc     0x00001160      0x304 adcLib.o
 .debug_loc     0x00001464       0x1f spi_con.o
 .debug_loc     0x00001483      0x37e sampling.o
 .debug_loc     0x00001801      0x3f2 ../../../../LUFA/Drivers/USB/Core/AVR8/Endpoint_AVR8.o
 .debug_loc     0x00001bf3       0x49 ../../../../LUFA/Drivers/USB/Core/AVR8/USBController_AVR8.o
 .debug_loc     0x00001c3c      0x333 ../../../../LUFA/Drivers/USB/Core/AVR8/USBInterrupt_AVR8.o
 .debug_loc     0x00001f6f     0x1dc8 ../../../../LUFA/Drivers/USB/Core/AVR8/EndpointStream_AVR8.o
 .debug_loc     0x00003d37      0x5bd ../../../../LUFA/Drivers/USB/Core/ConfigDescriptors.o
 .debug_loc     0x000042f4      0x2e7 ../../../../LUFA/Drivers/USB/Core/DeviceStandardReq.o
 .debug_loc     0x000045db       0x49 ../../../../LUFA/Drivers/USB/Core/USBTask.o
 .debug_loc     0x00004624      0xad6 ../../../../LUFA/Drivers/USB/Class/Common/HIDParser.o
 .debug_loc     0x000050fa      0x37c ../../../../LUFA/Drivers/USB/Class/Device/AudioClassDevice.o
 .debug_loc     0x00005476      0x847 ../../../../LUFA/Drivers/USB/Class/Device/CDCClassDevice.o
 .debug_loc     0x00005cbd      0x42b ../../../../LUFA/Drivers/USB/Class/Device/HIDClassDevice.o
 .debug_loc     0x000060e8      0x29f ../../../../LUFA/Drivers/USB/Class/Device/MassStorageClassDevice.o
 .debug_loc     0x00006387      0x2a4 ../../../../LUFA/Drivers/USB/Class/Device/MIDIClassDevice.o
 .debug_loc     0x0000662b      0xc7e ../../../../LUFA/Drivers/USB/Class/Device/RNDISClassDevice.o

.debug_macinfo
 *(.debug_macinfo)

.debug_pubtypes
 *(.debug_pubtypes)

.debug_ranges   0x00000000      0x850
 *(.debug_ranges)
 .debug_ranges  0x00000000       0x90 TestAndMeasurement.o
 .debug_ranges  0x00000090       0x10 Descriptors.o
 .debug_ranges  0x000000a0       0x58 structure.o
 .debug_ranges  0x000000f8       0x48 command.o
 .debug_ranges  0x00000140       0x60 adcLib.o
 .debug_ranges  0x000001a0       0x18 spi_con.o
 .debug_ranges  0x000001b8       0x60 sampling.o
 .debug_ranges  0x00000218       0x10 ../../../../LUFA/Drivers/USB/Core/AVR8/Device_AVR8.o
 .debug_ranges  0x00000228       0x90 ../../../../LUFA/Drivers/USB/Core/AVR8/Endpoint_AVR8.o
 .debug_ranges  0x000002b8       0x20 ../../../../LUFA/Drivers/USB/Core/AVR8/USBController_AVR8.o
 .debug_ranges  0x000002d8       0x28 ../../../../LUFA/Drivers/USB/Core/AVR8/USBInterrupt_AVR8.o
 .debug_ranges  0x00000300      0x250 ../../../../LUFA/Drivers/USB/Core/AVR8/EndpointStream_AVR8.o
 .debug_ranges  0x00000550       0x30 ../../../../LUFA/Drivers/USB/Core/ConfigDescriptors.o
 .debug_ranges  0x00000580       0x40 ../../../../LUFA/Drivers/USB/Core/DeviceStandardReq.o
 .debug_ranges  0x000005c0       0x10 ../../../../LUFA/Drivers/USB/Core/Events.o
 .debug_ranges  0x000005d0       0x10 ../../../../LUFA/Drivers/USB/Core/USBTask.o
 .debug_ranges  0x000005e0       0xd0 ../../../../LUFA/Drivers/USB/Class/Common/HIDParser.o
 .debug_ranges  0x000006b0       0x20 ../../../../LUFA/Drivers/USB/Class/Device/AudioClassDevice.o
 .debug_ranges  0x000006d0       0x88 ../../../../LUFA/Drivers/USB/Class/Device/CDCClassDevice.o
 .debug_ranges  0x00000758       0x20 ../../../../LUFA/Drivers/USB/Class/Device/HIDClassDevice.o
 .debug_ranges  0x00000778       0x20 ../../../../LUFA/Drivers/USB/Class/Device/MassStorageClassDevice.o
 .debug_ranges  0x00000798       0x30 ../../../../LUFA/Drivers/USB/Class/Device/MIDIClassDevice.o
 .debug_ranges  0x000007c8       0x88 ../../../../LUFA/Drivers/USB/Class/Device/RNDISClassDevice.o

.debug_macro    0x00000000     0xa818
 *(.debug_macro)
 .debug_macro   0x00000000      0x4a9 TestAndMeasurement.o
 .debug_macro   0x000004a9      0xa48 TestAndMeasurement.o
 .debug_macro   0x00000ef1       0x10 TestAndMeasurement.o
 .debug_macro   0x00000f01      0x1ad TestAndMeasurement.o
 .debug_macro   0x000010ae      0x293 TestAndMeasurement.o
 .debug_macro   0x00001341       0x9e TestAndMeasurement.o
 .debug_macro   0x000013df     0x221a TestAndMeasurement.o
 .debug_macro   0x000035f9      0x14f TestAndMeasurement.o
 .debug_macro   0x00003748       0xd9 TestAndMeasurement.o
 .debug_macro   0x00003821       0x34 TestAndMeasurement.o
 .debug_macro   0x00003855       0x18 TestAndMeasurement.o
 .debug_macro   0x0000386d       0x6c TestAndMeasurement.o
 .debug_macro   0x000038d9       0x76 TestAndMeasurement.o
 .debug_macro   0x0000394f       0xab TestAndMeasurement.o
 .debug_macro   0x000039fa       0x69 TestAndMeasurement.o
 .debug_macro   0x00003a63       0x10 TestAndMeasurement.o
 .debug_macro   0x00003a73       0x89 TestAndMeasurement.o
 .debug_macro   0x00003afc      0x181 TestAndMeasurement.o
 .debug_macro   0x00003c7d       0x12 TestAndMeasurement.o
 .debug_macro   0x00003c8f       0x10 TestAndMeasurement.o
 .debug_macro   0x00003c9f       0x22 TestAndMeasurement.o
 .debug_macro   0x00003cc1       0x16 TestAndMeasurement.o
 .debug_macro   0x00003cd7       0x20 TestAndMeasurement.o
 .debug_macro   0x00003cf7       0xef TestAndMeasurement.o
 .debug_macro   0x00003de6       0x22 TestAndMeasurement.o
 .debug_macro   0x00003e08      0x161 TestAndMeasurement.o
 .debug_macro   0x00003f69       0x2f TestAndMeasurement.o
 .debug_macro   0x00003f98       0x1c TestAndMeasurement.o
 .debug_macro   0x00003fb4       0x68 TestAndMeasurement.o
 .debug_macro   0x0000401c       0x2e TestAndMeasurement.o
 .debug_macro   0x0000404a       0x87 TestAndMeasurement.o
 .debug_macro   0x000040d1       0x35 TestAndMeasurement.o
 .debug_macro   0x00004106      0x10c TestAndMeasurement.o
 .debug_macro   0x00004212      0x160 TestAndMeasurement.o
 .debug_macro   0x00004372      0x167 TestAndMeasurement.o
 .debug_macro   0x000044d9       0x10 TestAndMeasurement.o
 .debug_macro   0x000044e9       0x1c TestAndMeasurement.o
 .debug_macro   0x00004505       0x86 TestAndMeasurement.o
 .debug_macro   0x0000458b       0x2e TestAndMeasurement.o
 .debug_macro   0x000045b9       0x26 TestAndMeasurement.o
 .debug_macro   0x000045df       0x4d TestAndMeasurement.o
 .debug_macro   0x0000462c       0x81 TestAndMeasurement.o
 .debug_macro   0x000046ad       0x16 TestAndMeasurement.o
 .debug_macro   0x000046c3       0x12 TestAndMeasurement.o
 .debug_macro   0x000046d5       0x22 TestAndMeasurement.o
 .debug_macro   0x000046f7       0x64 TestAndMeasurement.o
 .debug_macro   0x0000475b       0x3a TestAndMeasurement.o
 .debug_macro   0x00004795       0x10 TestAndMeasurement.o
 .debug_macro   0x000047a5       0x1c TestAndMeasurement.o
 .debug_macro   0x000047c1       0x16 TestAndMeasurement.o
 .debug_macro   0x000047d7       0x16 TestAndMeasurement.o
 .debug_macro   0x000047ed      0x12c TestAndMeasurement.o
 .debug_macro   0x00004919       0x16 TestAndMeasurement.o
 .debug_macro   0x0000492f       0x46 TestAndMeasurement.o
 .debug_macro   0x00004975       0x58 TestAndMeasurement.o
 .debug_macro   0x000049cd       0x10 TestAndMeasurement.o
 .debug_macro   0x000049dd       0x35 TestAndMeasurement.o
 .debug_macro   0x00004a12       0xeb TestAndMeasurement.o
 .debug_macro   0x00004afd       0x16 TestAndMeasurement.o
 .debug_macro   0x00004b13      0x154 TestAndMeasurement.o
 .debug_macro   0x00004c67       0x2a TestAndMeasurement.o
 .debug_macro   0x00004c91      0x647 TestAndMeasurement.o
 .debug_macro   0x000052d8       0x16 TestAndMeasurement.o
 .debug_macro   0x000052ee      0x12b TestAndMeasurement.o
 .debug_macro   0x00005419       0x16 TestAndMeasurement.o
 .debug_macro   0x0000542f       0x10 TestAndMeasurement.o
 .debug_macro   0x0000543f       0x22 TestAndMeasurement.o
 .debug_macro   0x00005461       0x16 TestAndMeasurement.o
 .debug_macro   0x00005477       0x16 TestAndMeasurement.o
 .debug_macro   0x0000548d       0x10 TestAndMeasurement.o
 .debug_macro   0x0000549d      0x1c5 TestAndMeasurement.o
 .debug_macro   0x00005662       0x16 TestAndMeasurement.o
 .debug_macro   0x00005678       0x22 TestAndMeasurement.o
 .debug_macro   0x0000569a       0x40 TestAndMeasurement.o
 .debug_macro   0x000056da       0x3a TestAndMeasurement.o
 .debug_macro   0x00005714       0x4c TestAndMeasurement.o
 .debug_macro   0x00005760      0x20a TestAndMeasurement.o
 .debug_macro   0x0000596a       0x1c TestAndMeasurement.o
 .debug_macro   0x00005986       0x10 TestAndMeasurement.o
 .debug_macro   0x00005996       0x28 TestAndMeasurement.o
 .debug_macro   0x000059be       0x70 TestAndMeasurement.o
 .debug_macro   0x00005a2e       0x1c TestAndMeasurement.o
 .debug_macro   0x00005a4a       0x5a TestAndMeasurement.o
 .debug_macro   0x00005aa4      0x419 Descriptors.o
 .debug_macro   0x00005ebd       0xaa Descriptors.o
 .debug_macro   0x00005f67       0x68 structure.o
 .debug_macro   0x00005fcf       0x97 structure.o
 .debug_macro   0x00006066       0x3a structure.o
 .debug_macro   0x000060a0       0x7f command.o
 .debug_macro   0x0000611f       0x16 command.o
 .debug_macro   0x00006135       0x46 command.o
 .debug_macro   0x0000617b      0x10d adcLib.o
 .debug_macro   0x00006288       0x34 adcLib.o
 .debug_macro   0x000062bc      0x16d adcLib.o
 .debug_macro   0x00006429       0x10 adcLib.o
 .debug_macro   0x00006439       0x96 spi_con.o
 .debug_macro   0x000064cf      0x129 sampling.o
 .debug_macro   0x000065f8       0x63 sampling.o
 .debug_macro   0x0000665b       0x16 sampling.o
 .debug_macro   0x00006671      0x297 ../../../../LUFA/Drivers/USB/Core/AVR8/Device_AVR8.o
 .debug_macro   0x00006908       0x36 ../../../../LUFA/Drivers/USB/Core/AVR8/Device_AVR8.o
 .debug_macro   0x0000693e      0x299 ../../../../LUFA/Drivers/USB/Core/AVR8/Device_AVR8.o
 .debug_macro   0x00006bd7      0x175 ../../../../LUFA/Drivers/USB/Core/AVR8/Device_AVR8.o
 .debug_macro   0x00006d4c       0x47 ../../../../LUFA/Drivers/USB/Core/AVR8/Device_AVR8.o
 .debug_macro   0x00006d93      0x29f ../../../../LUFA/Drivers/USB/Core/AVR8/Endpoint_AVR8.o
 .debug_macro   0x00007032       0x10 ../../../../LUFA/Drivers/USB/Core/AVR8/Endpoint_AVR8.o
 .debug_macro   0x00007042      0x172 ../../../../LUFA/Drivers/USB/Core/AVR8/Host_AVR8.o
 .debug_macro   0x000071b4      0x172 ../../../../LUFA/Drivers/USB/Core/AVR8/Pipe_AVR8.o
 .debug_macro   0x00007326      0x277 ../../../../LUFA/Drivers/USB/Core/AVR8/USBController_AVR8.o
 .debug_macro   0x0000759d       0x87 ../../../../LUFA/Drivers/USB/Core/AVR8/USBController_AVR8.o
 .debug_macro   0x00007624      0x27f ../../../../LUFA/Drivers/USB/Core/AVR8/USBInterrupt_AVR8.o
 .debug_macro   0x000078a3      0x608 ../../../../LUFA/Drivers/USB/Core/AVR8/EndpointStream_AVR8.o
 .debug_macro   0x00007eab       0x28 ../../../../LUFA/Drivers/USB/Core/AVR8/EndpointStream_AVR8.o
 .debug_macro   0x00007ed3       0x1c ../../../../LUFA/Drivers/USB/Core/AVR8/EndpointStream_AVR8.o
 .debug_macro   0x00007eef       0x1c ../../../../LUFA/Drivers/USB/Core/AVR8/EndpointStream_AVR8.o
 .debug_macro   0x00007f0b      0x172 ../../../../LUFA/Drivers/USB/Core/AVR8/PipeStream_AVR8.o
 .debug_macro   0x0000807d      0x28e ../../../../LUFA/Drivers/USB/Core/ConfigDescriptors.o
 .debug_macro   0x0000830b      0x277 ../../../../LUFA/Drivers/USB/Core/DeviceStandardReq.o
 .debug_macro   0x00008582       0x18 ../../../../LUFA/Drivers/USB/Core/DeviceStandardReq.o
 .debug_macro   0x0000859a      0x182 ../../../../LUFA/Drivers/USB/Core/Events.o
 .debug_macro   0x0000871c       0x20 ../../../../LUFA/Drivers/USB/Core/HostStandardReq.o
 .debug_macro   0x0000873c      0x283 ../../../../LUFA/Drivers/USB/Core/USBTask.o
 .debug_macro   0x000089bf      0x1c0 ../../../../LUFA/Drivers/USB/Class/Common/HIDParser.o
 .debug_macro   0x00008b7f      0x422 ../../../../LUFA/Drivers/USB/Class/Device/AudioClassDevice.o
 .debug_macro   0x00008fa1       0x40 ../../../../LUFA/Drivers/USB/Class/Device/AudioClassDevice.o
 .debug_macro   0x00008fe1      0x132 ../../../../LUFA/Drivers/USB/Class/Device/AudioClassDevice.o
 .debug_macro   0x00009113      0x422 ../../../../LUFA/Drivers/USB/Class/Device/CDCClassDevice.o
 .debug_macro   0x00009535      0x426 ../../../../LUFA/Drivers/USB/Class/Device/HIDClassDevice.o
 .debug_macro   0x0000995b      0x42c ../../../../LUFA/Drivers/USB/Class/Device/MassStorageClassDevice.o
 .debug_macro   0x00009d87      0x125 ../../../../LUFA/Drivers/USB/Class/Device/MassStorageClassDevice.o
 .debug_macro   0x00009eac      0x426 ../../../../LUFA/Drivers/USB/Class/Device/MIDIClassDevice.o
 .debug_macro   0x0000a2d2      0x426 ../../../../LUFA/Drivers/USB/Class/Device/RNDISClassDevice.o
 .debug_macro   0x0000a6f8       0x20 ../../../../LUFA/Drivers/USB/Class/Host/AndroidAccessoryClassHost.o
 .debug_macro   0x0000a718       0x20 ../../../../LUFA/Drivers/USB/Class/Host/AudioClassHost.o
 .debug_macro   0x0000a738       0x20 ../../../../LUFA/Drivers/USB/Class/Host/CDCClassHost.o
 .debug_macro   0x0000a758       0x20 ../../../../LUFA/Drivers/USB/Class/Host/HIDClassHost.o
 .debug_macro   0x0000a778       0x20 ../../../../LUFA/Drivers/USB/Class/Host/MassStorageClassHost.o
 .debug_macro   0x0000a798       0x20 ../../../../LUFA/Drivers/USB/Class/Host/MIDIClassHost.o
 .debug_macro   0x0000a7b8       0x20 ../../../../LUFA/Drivers/USB/Class/Host/PrinterClassHost.o
 .debug_macro   0x0000a7d8       0x20 ../../../../LUFA/Drivers/USB/Class/Host/RNDISClassHost.o
 .debug_macro   0x0000a7f8       0x20 ../../../../LUFA/Drivers/USB/Class/Host/StillImageClassHost.o
OUTPUT(TestAndMeasurement.elf elf32-avr)
LOAD linker stubs

Cross Reference Table

Symbol                                            File
Audio_Device_ConfigureEndpoints                   ../../../../LUFA/Drivers/USB/Class/Device/AudioClassDevice.o
Audio_Device_Event_Stub                           ../../../../LUFA/Drivers/USB/Class/Device/AudioClassDevice.o
Audio_Device_ProcessControlRequest                ../../../../LUFA/Drivers/USB/Class/Device/AudioClassDevice.o
CALLBACK_Audio_Device_GetSetEndpointProperty      ../../../../LUFA/Drivers/USB/Class/Device/AudioClassDevice.o
CALLBACK_Audio_Device_GetSetInterfaceProperty     ../../../../LUFA/Drivers/USB/Class/Device/AudioClassDevice.o
CALLBACK_HIDParser_FilterHIDReportItem            ../../../../LUFA/Drivers/USB/Class/Common/HIDParser.o
CALLBACK_HID_Device_CreateHIDReport               ../../../../LUFA/Drivers/USB/Class/Device/HIDClassDevice.o
CALLBACK_HID_Device_ProcessHIDReport              ../../../../LUFA/Drivers/USB/Class/Device/HIDClassDevice.o
CALLBACK_MS_Device_SCSICommandReceived            ../../../../LUFA/Drivers/USB/Class/Device/MassStorageClassDevice.o
CALLBACK_USB_GetDescriptor                        Descriptors.o
                                                  ../../../../LUFA/Drivers/USB/Core/DeviceStandardReq.o
CDC_Device_BytesReceived                          ../../../../LUFA/Drivers/USB/Class/Device/CDCClassDevice.o
CDC_Device_ConfigureEndpoints                     ../../../../LUFA/Drivers/USB/Class/Device/CDCClassDevice.o
CDC_Device_CreateBlockingStream                   ../../../../LUFA/Drivers/USB/Class/Device/CDCClassDevice.o
CDC_Device_CreateStream                           ../../../../LUFA/Drivers/USB/Class/Device/CDCClassDevice.o
CDC_Device_Event_Stub                             ../../../../LUFA/Drivers/USB/Class/Device/CDCClassDevice.o
CDC_Device_Flush                                  ../../../../LUFA/Drivers/USB/Class/Device/CDCClassDevice.o
CDC_Device_ProcessControlRequest                  ../../../../LUFA/Drivers/USB/Class/Device/CDCClassDevice.o
CDC_Device_ReceiveByte                            ../../../../LUFA/Drivers/USB/Class/Device/CDCClassDevice.o
CDC_Device_SendByte                               ../../../../LUFA/Drivers/USB/Class/Device/CDCClassDevice.o
CDC_Device_SendControlLineStateChange             ../../../../LUFA/Drivers/USB/Class/Device/CDCClassDevice.o
CDC_Device_SendData                               ../../../../LUFA/Drivers/USB/Class/Device/CDCClassDevice.o
CDC_Device_SendString                             ../../../../LUFA/Drivers/USB/Class/Device/CDCClassDevice.o
CDC_Device_USBTask                                ../../../../LUFA/Drivers/USB/Class/Device/CDCClassDevice.o
Capabilities                                      TestAndMeasurement.o
ConfigurationDescriptor                           Descriptors.o
DeviceDescriptor                                  Descriptors.o
EVENT_Audio_Device_StreamStartStop                ../../../../LUFA/Drivers/USB/Class/Device/AudioClassDevice.o
EVENT_CDC_Device_BreakSent                        ../../../../LUFA/Drivers/USB/Class/Device/CDCClassDevice.o
EVENT_CDC_Device_ControLineStateChanged           ../../../../LUFA/Drivers/USB/Class/Device/CDCClassDevice.o
EVENT_CDC_Device_LineEncodingChanged              ../../../../LUFA/Drivers/USB/Class/Device/CDCClassDevice.o
EVENT_USB_Device_ConfigurationChanged             TestAndMeasurement.o
                                                  ../../../../LUFA/Drivers/USB/Core/DeviceStandardReq.o
EVENT_USB_Device_Connect                          TestAndMeasurement.o
                                                  ../../../../LUFA/Drivers/USB/Core/AVR8/USBInterrupt_AVR8.o
EVENT_USB_Device_ControlRequest                   TestAndMeasurement.o
                                                  ../../../../LUFA/Drivers/USB/Core/DeviceStandardReq.o
EVENT_USB_Device_Disconnect                       TestAndMeasurement.o
                                                  ../../../../LUFA/Drivers/USB/Core/AVR8/USBInterrupt_AVR8.o
EVENT_USB_Device_Reset                            ../../../../LUFA/Drivers/USB/Core/Events.o
                                                  ../../../../LUFA/Drivers/USB/Core/AVR8/USBInterrupt_AVR8.o
EVENT_USB_Device_StartOfFrame                     ../../../../LUFA/Drivers/USB/Core/Events.o
                                                  ../../../../LUFA/Drivers/USB/Core/AVR8/USBInterrupt_AVR8.o
EVENT_USB_Device_Suspend                          ../../../../LUFA/Drivers/USB/Core/Events.o
                                                  ../../../../LUFA/Drivers/USB/Core/AVR8/USBInterrupt_AVR8.o
EVENT_USB_Device_WakeUp                           ../../../../LUFA/Drivers/USB/Core/Events.o
                                                  ../../../../LUFA/Drivers/USB/Core/AVR8/USBInterrupt_AVR8.o
Endpoint_ClearEndpoints                           ../../../../LUFA/Drivers/USB/Core/AVR8/Endpoint_AVR8.o
Endpoint_ClearStatusStage                         ../../../../LUFA/Drivers/USB/Core/AVR8/Endpoint_AVR8.o
                                                  ../../../../LUFA/Drivers/USB/Class/Device/MassStorageClassDevice.o
                                                  ../../../../LUFA/Drivers/USB/Class/Device/HIDClassDevice.o
                                                  ../../../../LUFA/Drivers/USB/Class/Device/CDCClassDevice.o
                                                  ../../../../LUFA/Drivers/USB/Class/Device/AudioClassDevice.o
                                                  ../../../../LUFA/Drivers/USB/Core/DeviceStandardReq.o
                                                  TestAndMeasurement.o
Endpoint_ConfigureEndpointTable                   ../../../../LUFA/Drivers/USB/Core/AVR8/Endpoint_AVR8.o
                                                  ../../../../LUFA/Drivers/USB/Class/Device/RNDISClassDevice.o
                                                  ../../../../LUFA/Drivers/USB/Class/Device/MIDIClassDevice.o
                                                  ../../../../LUFA/Drivers/USB/Class/Device/MassStorageClassDevice.o
                                                  ../../../../LUFA/Drivers/USB/Class/Device/HIDClassDevice.o
                                                  ../../../../LUFA/Drivers/USB/Class/Device/CDCClassDevice.o
                                                  ../../../../LUFA/Drivers/USB/Class/Device/AudioClassDevice.o
Endpoint_ConfigureEndpoint_Prv                    ../../../../LUFA/Drivers/USB/Core/AVR8/Endpoint_AVR8.o
                                                  ../../../../LUFA/Drivers/USB/Core/AVR8/USBInterrupt_AVR8.o
                                                  ../../../../LUFA/Drivers/USB/Core/AVR8/USBController_AVR8.o
                                                  TestAndMeasurement.o
Endpoint_Discard_Stream                           ../../../../LUFA/Drivers/USB/Core/AVR8/EndpointStream_AVR8.o
Endpoint_Null_Stream                              ../../../../LUFA/Drivers/USB/Core/AVR8/EndpointStream_AVR8.o
Endpoint_Read_Control_EStream_BE                  ../../../../LUFA/Drivers/USB/Core/AVR8/EndpointStream_AVR8.o
Endpoint_Read_Control_EStream_LE                  ../../../../LUFA/Drivers/USB/Core/AVR8/EndpointStream_AVR8.o
Endpoint_Read_Control_Stream_BE                   ../../../../LUFA/Drivers/USB/Core/AVR8/EndpointStream_AVR8.o
Endpoint_Read_Control_Stream_LE                   ../../../../LUFA/Drivers/USB/Core/AVR8/EndpointStream_AVR8.o
                                                  ../../../../LUFA/Drivers/USB/Class/Device/RNDISClassDevice.o
                                                  ../../../../LUFA/Drivers/USB/Class/Device/HIDClassDevice.o
                                                  ../../../../LUFA/Drivers/USB/Class/Device/AudioClassDevice.o
Endpoint_Read_EStream_BE                          ../../../../LUFA/Drivers/USB/Core/AVR8/EndpointStream_AVR8.o
Endpoint_Read_EStream_LE                          ../../../../LUFA/Drivers/USB/Core/AVR8/EndpointStream_AVR8.o
Endpoint_Read_Stream_BE                           ../../../../LUFA/Drivers/USB/Core/AVR8/EndpointStream_AVR8.o
Endpoint_Read_Stream_LE                           ../../../../LUFA/Drivers/USB/Core/AVR8/EndpointStream_AVR8.o
                                                  ../../../../LUFA/Drivers/USB/Class/Device/RNDISClassDevice.o
                                                  ../../../../LUFA/Drivers/USB/Class/Device/MIDIClassDevice.o
                                                  ../../../../LUFA/Drivers/USB/Class/Device/MassStorageClassDevice.o
                                                  TestAndMeasurement.o
Endpoint_WaitUntilReady                           ../../../../LUFA/Drivers/USB/Core/AVR8/Endpoint_AVR8.o
                                                  ../../../../LUFA/Drivers/USB/Class/Device/RNDISClassDevice.o
                                                  ../../../../LUFA/Drivers/USB/Class/Device/MIDIClassDevice.o
                                                  ../../../../LUFA/Drivers/USB/Class/Device/CDCClassDevice.o
                                                  ../../../../LUFA/Drivers/USB/Core/AVR8/EndpointStream_AVR8.o
Endpoint_Write_Control_EStream_BE                 ../../../../LUFA/Drivers/USB/Core/AVR8/EndpointStream_AVR8.o
Endpoint_Write_Control_EStream_LE                 ../../../../LUFA/Drivers/USB/Core/AVR8/EndpointStream_AVR8.o
Endpoint_Write_Control_PStream_BE                 ../../../../LUFA/Drivers/USB/Core/AVR8/EndpointStream_AVR8.o
Endpoint_Write_Control_PStream_LE                 ../../../../LUFA/Drivers/USB/Core/AVR8/EndpointStream_AVR8.o
                                                  ../../../../LUFA/Drivers/USB/Core/DeviceStandardReq.o
Endpoint_Write_Control_Stream_BE                  ../../../../LUFA/Drivers/USB/Core/AVR8/EndpointStream_AVR8.o
Endpoint_Write_Control_Stream_LE                  ../../../../LUFA/Drivers/USB/Core/AVR8/EndpointStream_AVR8.o
                                                  ../../../../LUFA/Drivers/USB/Class/Device/RNDISClassDevice.o
                                                  ../../../../LUFA/Drivers/USB/Class/Device/HIDClassDevice.o
                                                  ../../../../LUFA/Drivers/USB/Class/Device/AudioClassDevice.o
                                                  ../../../../LUFA/Drivers/USB/Core/DeviceStandardReq.o
                                                  TestAndMeasurement.o
Endpoint_Write_EStream_BE                         ../../../../LUFA/Drivers/USB/Core/AVR8/EndpointStream_AVR8.o
Endpoint_Write_EStream_LE                         ../../../../LUFA/Drivers/USB/Core/AVR8/EndpointStream_AVR8.o
Endpoint_Write_PStream_BE                         ../../../../LUFA/Drivers/USB/Core/AVR8/EndpointStream_AVR8.o
Endpoint_Write_PStream_LE                         ../../../../LUFA/Drivers/USB/Core/AVR8/EndpointStream_AVR8.o
Endpoint_Write_Stream_BE                          ../../../../LUFA/Drivers/USB/Core/AVR8/EndpointStream_AVR8.o
Endpoint_Write_Stream_LE                          ../../../../LUFA/Drivers/USB/Core/AVR8/EndpointStream_AVR8.o
                                                  ../../../../LUFA/Drivers/USB/Class/Device/RNDISClassDevice.o
                                                  ../../../../LUFA/Drivers/USB/Class/Device/MIDIClassDevice.o
                                                  ../../../../LUFA/Drivers/USB/Class/Device/MassStorageClassDevice.o
                                                  ../../../../LUFA/Drivers/USB/Class/Device/HIDClassDevice.o
                                                  ../../../../LUFA/Drivers/USB/Class/Device/CDCClassDevice.o
                                                  TestAndMeasurement.o
GetNextMessage                                    TestAndMeasurement.o
HID_Device_ConfigureEndpoints                     ../../../../LUFA/Drivers/USB/Class/Device/HIDClassDevice.o
HID_Device_ProcessControlRequest                  ../../../../LUFA/Drivers/USB/Class/Device/HIDClassDevice.o
HID_Device_USBTask                                ../../../../LUFA/Drivers/USB/Class/Device/HIDClassDevice.o
LanguageString                                    Descriptors.o
MIDI_Device_ConfigureEndpoints                    ../../../../LUFA/Drivers/USB/Class/Device/MIDIClassDevice.o
MIDI_Device_Flush                                 ../../../../LUFA/Drivers/USB/Class/Device/MIDIClassDevice.o
MIDI_Device_ReceiveEventPacket                    ../../../../LUFA/Drivers/USB/Class/Device/MIDIClassDevice.o
MIDI_Device_SendEventPacket                       ../../../../LUFA/Drivers/USB/Class/Device/MIDIClassDevice.o
MIDI_Device_USBTask                               ../../../../LUFA/Drivers/USB/Class/Device/MIDIClassDevice.o
MS_Device_ConfigureEndpoints                      ../../../../LUFA/Drivers/USB/Class/Device/MassStorageClassDevice.o
MS_Device_ProcessControlRequest                   ../../../../LUFA/Drivers/USB/Class/Device/MassStorageClassDevice.o
MS_Device_USBTask                                 ../../../../LUFA/Drivers/USB/Class/Device/MassStorageClassDevice.o
ManufacturerString                                Descriptors.o
ProcessSentMessage                                TestAndMeasurement.o
ProductString                                     Descriptors.o
RNDIS_Device_ConfigureEndpoints                   ../../../../LUFA/Drivers/USB/Class/Device/RNDISClassDevice.o
RNDIS_Device_IsPacketReceived                     ../../../../LUFA/Drivers/USB/Class/Device/RNDISClassDevice.o